Archive member included to satisfy reference by file (symbol)

app/libapp.a(main.c.obj)      (--whole-archive)
zephyr/libzephyr.a(validate_libc.c.obj)
                              (--whole-archive)
zephyr/libzephyr.a(heap.c.obj)
                              (--whole-archive)
zephyr/libzephyr.a(cbprintf_packaged.c.obj)
                              (--whole-archive)
zephyr/libzephyr.a(clock.c.obj)
                              (--whole-archive)
zephyr/libzephyr.a(printk.c.obj)
                              (--whole-archive)
zephyr/libzephyr.a(sem.c.obj)
                              (--whole-archive)
zephyr/libzephyr.a(thread_entry.c.obj)
                              (--whole-archive)
zephyr/libzephyr.a(cbprintf_complete.c.obj)
                              (--whole-archive)
zephyr/libzephyr.a(assert.c.obj)
                              (--whole-archive)
zephyr/libzephyr.a(dec.c.obj)
                              (--whole-archive)
zephyr/libzephyr.a(hex.c.obj)
                              (--whole-archive)
zephyr/libzephyr.a(rb.c.obj)  (--whole-archive)
zephyr/libzephyr.a(set.c.obj)
                              (--whole-archive)
zephyr/libzephyr.a(timeutil.c.obj)
                              (--whole-archive)
zephyr/libzephyr.a(bitarray.c.obj)
                              (--whole-archive)
zephyr/libzephyr.a(bitmask.c.obj)
                              (--whole-archive)
zephyr/libzephyr.a(getopt.c.obj)
                              (--whole-archive)
zephyr/libzephyr.a(getopt_common.c.obj)
                              (--whole-archive)
zephyr/libzephyr.a(onoff.c.obj)
                              (--whole-archive)
zephyr/libzephyr.a(notify.c.obj)
                              (--whole-archive)
zephyr/libzephyr.a(ring_buffer.c.obj)
                              (--whole-archive)
zephyr/libzephyr.a(last_section_id.c.obj)
                              (--whole-archive)
zephyr/libzephyr.a(configs.c.obj)
                              (--whole-archive)
zephyr/libzephyr.a(mem_attr.c.obj)
                              (--whole-archive)
zephyr/libzephyr.a(random_psa.c.obj)
                              (--whole-archive)
zephyr/libzephyr.a(tracing_none.c.obj)
                              (--whole-archive)
zephyr/libzephyr.a(banner.c.obj)
                              (--whole-archive)
zephyr/arch/common/libarch__common.a(sw_isr_common.c.obj)
                              (--whole-archive)
zephyr/arch/common/libarch__common.a(init.c.obj)
                              (--whole-archive)
zephyr/arch/common/libarch__common.a(xip.c.obj)
                              (--whole-archive)
zephyr/arch/arch/arm/core/libarch__arm__core.a(fatal.c.obj)
                              (--whole-archive)
zephyr/arch/arch/arm/core/libarch__arm__core.a(nmi.c.obj)
                              (--whole-archive)
zephyr/arch/arch/arm/core/libarch__arm__core.a(nmi_on_reset.S.obj)
                              (--whole-archive)
zephyr/arch/arch/arm/core/libarch__arm__core.a(tls.c.obj)
                              (--whole-archive)
zephyr/arch/arch/arm/core/cortex_m/libarch__arm__core__cortex_m.a(fault.c.obj)
                              (--whole-archive)
zephyr/arch/arch/arm/core/cortex_m/libarch__arm__core__cortex_m.a(fault_s.S.obj)
                              (--whole-archive)
zephyr/arch/arch/arm/core/cortex_m/libarch__arm__core__cortex_m.a(fpu.c.obj)
                              (--whole-archive)
zephyr/arch/arch/arm/core/cortex_m/libarch__arm__core__cortex_m.a(reset.S.obj)
                              (--whole-archive)
zephyr/arch/arch/arm/core/cortex_m/libarch__arm__core__cortex_m.a(scb.c.obj)
                              (--whole-archive)
zephyr/arch/arch/arm/core/cortex_m/libarch__arm__core__cortex_m.a(vector_table.S.obj)
                              (--whole-archive)
zephyr/arch/arch/arm/core/cortex_m/libarch__arm__core__cortex_m.a(svc.S.obj)
                              (--whole-archive)
zephyr/arch/arch/arm/core/cortex_m/libarch__arm__core__cortex_m.a(irq_manage.c.obj)
                              (--whole-archive)
zephyr/arch/arch/arm/core/cortex_m/libarch__arm__core__cortex_m.a(prep_c.c.obj)
                              (--whole-archive)
zephyr/arch/arch/arm/core/cortex_m/libarch__arm__core__cortex_m.a(thread.c.obj)
                              (--whole-archive)
zephyr/arch/arch/arm/core/cortex_m/libarch__arm__core__cortex_m.a(cpu_idle.c.obj)
                              (--whole-archive)
zephyr/arch/arch/arm/core/cortex_m/libarch__arm__core__cortex_m.a(exc_exit.c.obj)
                              (--whole-archive)
zephyr/arch/arch/arm/core/cortex_m/libarch__arm__core__cortex_m.a(thread_abort.c.obj)
                              (--whole-archive)
zephyr/arch/arch/arm/core/cortex_m/libarch__arm__core__cortex_m.a(swap_helper.S.obj)
                              (--whole-archive)
zephyr/arch/arch/arm/core/cortex_m/libarch__arm__core__cortex_m.a(irq_init.c.obj)
                              (--whole-archive)
[...]
Memory Configuration

Name             Origin             Length             Attributes
FLASH            0x00000000         0x0017d000         xr
RAM              0x20000000         0x00040000         xw
IDT_LIST         0xffff7fff         0x00008000         xw
*default*        0x00000000         0xffffffff

Linker script and memory map

                0x00005d38                        vfprintf = __l_vfprintf
                0x00000000                        vfscanf = __l_vfscanf
LOAD zephyr/CMakeFiles/zephyr_final.dir/misc/empty_file.c.obj
LOAD zephyr/CMakeFiles/zephyr_final.dir/isr_tables.c.obj
LOAD zephyr/CMakeFiles/offsets.dir/./arch/arm/core/offsets/offsets.c.obj
LOAD app/libapp.a
LOAD zephyr/libzephyr.a
LOAD zephyr/arch/common/libarch__common.a
LOAD zephyr/arch/arch/arm/core/libarch__arm__core.a
LOAD zephyr/arch/arch/arm/core/cortex_m/libarch__arm__core__cortex_m.a
LOAD zephyr/arch/arch/arm/core/cortex_m/cmse/libarch__arm__core__cortex_m__cmse.a
LOAD zephyr/arch/arch/arm/core/mpu/libarch__arm__core__mpu.a
LOAD zephyr/lib/libc/picolibc/liblib__libc__picolibc.a
LOAD zephyr/lib/libc/common/liblib__libc__common.a
LOAD zephyr/lib/posix/c_lib_ext/liblib__posix__c_lib_ext.a
LOAD zephyr/soc/soc/nrf54l15/libsoc__nordic.a
LOAD zephyr/drivers/adc/libdrivers__adc.a
LOAD zephyr/drivers/cache/libdrivers__cache.a
LOAD zephyr/drivers/clock_control/libdrivers__clock_control.a
LOAD zephyr/drivers/console/libdrivers__console.a
LOAD zephyr/drivers/gpio/libdrivers__gpio.a
LOAD zephyr/drivers/pinctrl/libdrivers__pinctrl.a
LOAD zephyr/drivers/serial/libdrivers__serial.a
LOAD zephyr/drivers/timer/libdrivers__timer.a
LOAD modules/nrf/subsys/nrf_security/src/zephyr/libmbedtls_zephyr.a
LOAD modules/hal_nordic/modules/hal_nordic/nrfx/libnrfx.a
LOAD zephyr/kernel/libkernel.a
LOAD modules/nrf/subsys/nrf_security/src/libmbedcrypto.a
LOAD modules/nrf/subsys/nrf_security/src/core/nrf_oberon/libpsa_core.a
LOAD modules/nrf/subsys/nrf_security/src/drivers/cracen/libcracen_psa_driver.a
LOAD modules/nrf/subsys/nrf_security/src/libnrf_security_utils.a
LOAD zephyr/kernel/libkernel.a
LOAD zephyr/arch/common/libisr_tables.a
LOAD /opt/nordic/ncs/toolchains/ccc010f809/opt/zephyr-sdk/gnu/arm-zephyr-eabi/bin/../lib/gcc/arm-zephyr-eabi/14.3.0/../../../../arm-zephyr-eabi/lib/thumb/v8-m.main/nofp/space/libc.a
LOAD /opt/nordic/ncs/toolchains/ccc010f809/opt/zephyr-sdk/gnu/arm-zephyr-eabi/bin/../lib/gcc/arm-zephyr-eabi/14.3.0/thumb/v8-m.main/nofp/space/libgcc.a
                0x00000020                        _region_min_align = 0x20

.rel.plt        0x00000000        0x0
 *(SORT_BY_ALIGNMENT(.rel.plt))
                [!provide]                        PROVIDE (__rel_iplt_start = .)
 *(SORT_BY_ALIGNMENT(.rel.iplt))
 .rel.iplt      0x00000000        0x0 zephyr/CMakeFiles/zephyr_final.dir/isr_tables.c.obj
                [!provide]                        PROVIDE (__rel_iplt_end = .)

.rela.plt       0x00000000        0x0
 *(SORT_BY_ALIGNMENT(.rela.plt))
                [!provide]                        PROVIDE (__rela_iplt_start = .)
 *(SORT_BY_ALIGNMENT(.rela.iplt))
                [!provide]                        PROVIDE (__rela_iplt_end = .)

.rel.dyn
 *(SORT_BY_ALIGNMENT(.rel.*))

.rela.dyn
 *(SORT_BY_ALIGNMENT(.rela.*))

/DISCARD/
 *(SORT_BY_ALIGNMENT(.plt))

/DISCARD/
 *(SORT_BY_ALIGNMENT(.iplt))
                0x00000000                        __rom_region_start = 0x0

rom_start       0x00000000      0x47c
                0x00000000                        __rom_start_address = .
 FILL mask 0x00
                0x00000000                        . = (. + (0x0 - (. - __rom_start_address)))
                0x00000000                        . = ALIGN (0x4)
                0x00000000                        . = ALIGN (0x80)
                0x00000000                        . = ALIGN (0x800)
                0x00000000                        _vector_start = .
 *(SORT_BY_ALIGNMENT(.exc_vector_table))
 *(SORT_BY_ALIGNMENT(.exc_vector_table.*))
 .exc_vector_table._vector_table_section
                0x00000000       0x40 zephyr/arch/arch/arm/core/cortex_m/libarch__arm__core__cortex_m.a(vector_table.S.obj)
                0x00000000                _vector_table
 *(SORT_BY_ALIGNMENT(.vectors))
                0x0000047c                        _vector_end = .
                0x00000040                        . = ALIGN (0x4)
 *(SORT_BY_ALIGNMENT(.gnu.linkonce.irq_vector_table*))
 .gnu.linkonce.irq_vector_table
                0x00000040      0x43c zephyr/CMakeFiles/zephyr_final.dir/isr_tables.c.obj
                0x00000040                _irq_vector_table
                0x0000047c                        _vector_end = .

text            0x0000047c     0x721c
                0x0000047c                        __text_region_start = .
 *(SORT_BY_ALIGNMENT(.text))
 .text          0x0000047c       0xa0 /opt/nordic/ncs/toolchains/ccc010f809/opt/zephyr-sdk/gnu/arm-zephyr-eabi/bin/../lib/gcc/arm-zephyr-eabi/14.3.0/thumb/v8-m.main/nofp/space/libgcc.a(_aeabi_ldivmod.o)
                0x0000047c                __aeabi_ldivmod
 .text          0x0000051c       0x30 /opt/nordic/ncs/toolchains/ccc010f809/opt/zephyr-sdk/gnu/arm-zephyr-eabi/bin/../lib/gcc/arm-zephyr-eabi/14.3.0/thumb/v8-m.main/nofp/space/libgcc.a(_aeabi_uldivmod.o)
                0x0000051c                __aeabi_uldivmod
 .text          0x0000054c        0x4 /opt/nordic/ncs/toolchains/ccc010f809/opt/zephyr-sdk/gnu/arm-zephyr-eabi/bin/../lib/gcc/arm-zephyr-eabi/14.3.0/thumb/v8-m.main/nofp/space/libgcc.a(_dvmd_tls.o)
                0x0000054c                __aeabi_ldiv0
                0x0000054c                __aeabi_idiv0
 .text          0x00000550      0x2ba /opt/nordic/ncs/toolchains/ccc010f809/opt/zephyr-sdk/gnu/arm-zephyr-eabi/bin/../lib/gcc/arm-zephyr-eabi/14.3.0/thumb/v8-m.main/nofp/space/libgcc.a(_udivmoddi4.o)
                0x00000550                __udivmoddi4
 *(SORT_BY_ALIGNMENT(.text.*))
 *fill*         0x0000080a        0x2 
 .text.main     0x0000080c      0x1e4 app/libapp.a(main.c.obj)
                0x0000080c                main
 .text.char_out
                0x000009f0        0xc zephyr/libzephyr.a(printk.c.obj)
 .text.__printk_hook_install
                0x000009fc        0xc zephyr/libzephyr.a(printk.c.obj)
                0x000009fc                __printk_hook_install
 .text.vprintk  0x00000a08       0x30 zephyr/libzephyr.a(printk.c.obj)
                0x00000a08                vprintk
 .text.z_thread_entry
                0x00000a38       0x34 zephyr/libzephyr.a(thread_entry.c.obj)
                0x00000a38                z_thread_entry
 .text.process_event
                0x00000a6c      0x1e8 zephyr/libzephyr.a(onoff.c.obj)
 .text.mem_attr_get_regions
                0x00000c54        0xc zephyr/libzephyr.a(mem_attr.c.obj)
                0x00000c54                mem_attr_get_regions
 .text.ncs_boot_banner
                0x00000c60       0x1c zephyr/libzephyr.a(banner.c.obj)
 .text.arch_bss_zero
                0x00000c7c       0x18 zephyr/arch/common/libarch__common.a(init.c.obj)
                0x00000c7c                arch_bss_zero
 .text.arch_data_copy
                0x00000c94       0x38 zephyr/arch/common/libarch__common.a(xip.c.obj)
                0x00000c94                arch_data_copy
 .text.z_arm_fatal_error
                0x00000ccc       0x60 zephyr/arch/arch/arm/core/libarch__arm__core.a(fatal.c.obj)
                0x00000ccc                z_arm_fatal_error
 .text.z_SysNmiOnReset
                0x00000d2c        0x8 zephyr/arch/arch/arm/core/libarch__arm__core.a(nmi_on_reset.S.obj)
                0x00000d2c                z_SysNmiOnReset
 .text.arch_tls_stack_setup
                0x00000d34       0x40 zephyr/arch/arch/arm/core/libarch__arm__core.a(tls.c.obj)
                0x00000d34                arch_tls_stack_setup
 .text.usage_fault.isra.0
                0x00000d74       0xa8 zephyr/arch/arch/arm/core/cortex_m/libarch__arm__core__cortex_m.a(fault.c.obj)
 .text.bus_fault.isra.0
                0x00000e1c       0xb8 zephyr/arch/arch/arm/core/cortex_m/libarch__arm__core__cortex_m.a(fault.c.obj)
 .text.mem_manage_fault.isra.0
                0x00000ed4       0xbc zephyr/arch/arch/arm/core/cortex_m/libarch__arm__core__cortex_m.a(fault.c.obj)
 .text.z_arm_fault
                0x00000f90      0x1a8 zephyr/arch/arch/arm/core/cortex_m/libarch__arm__core__cortex_m.a(fault.c.obj)
                0x00000f90                z_arm_fault
 .text.z_arm_fault_init
                0x00001138       0x20 zephyr/arch/arch/arm/core/cortex_m/libarch__arm__core__cortex_m.a(fault.c.obj)
                0x00001138                z_arm_fault_init
 .text.__fault  0x00001158       0x14 zephyr/arch/arch/arm/core/cortex_m/libarch__arm__core__cortex_m.a(fault_s.S.obj)
                0x00001158                z_arm_bus_fault
                0x00001158                z_arm_usage_fault
                0x00001158                z_arm_mpu_fault
                0x00001158                z_arm_exc_spurious
                0x00001158                z_arm_debug_monitor
                0x00001158                z_arm_hard_fault
 .text._reset_section
                0x0000116c       0x60 zephyr/arch/arch/arm/core/cortex_m/libarch__arm__core__cortex_m.a(reset.S.obj)
                0x0000116c                z_arm_reset
                0x0000116c                __start
 .text.z_arm_clear_arm_mpu_config
                0x000011cc       0x24 zephyr/arch/arch/arm/core/cortex_m/libarch__arm__core__cortex_m.a(scb.c.obj)
                0x000011cc                z_arm_clear_arm_mpu_config
 .text.z_arm_init_arch_hw_at_boot
                0x000011f0       0x4c zephyr/arch/arch/arm/core/cortex_m/libarch__arm__core__cortex_m.a(scb.c.obj)
                0x000011f0                z_arm_init_arch_hw_at_boot
 .text.z_arm_svc
                0x0000123c       0x24 zephyr/arch/arch/arm/core/cortex_m/libarch__arm__core__cortex_m.a(svc.S.obj)
                0x0000123c                z_arm_svc
 .text.arm_irq_enable
                0x00001260       0x1c zephyr/arch/arch/arm/core/cortex_m/libarch__arm__core__cortex_m.a(irq_manage.c.obj)
                0x00001260                arm_irq_enable
 .text.arm_irq_disable
                0x0000127c       0x28 zephyr/arch/arch/arm/core/cortex_m/libarch__arm__core__cortex_m.a(irq_manage.c.obj)
                0x0000127c                arm_irq_disable
 .text.arm_irq_is_enabled
                0x000012a4       0x1c zephyr/arch/arch/arm/core/cortex_m/libarch__arm__core__cortex_m.a(irq_manage.c.obj)
                0x000012a4                arm_irq_is_enabled
 .text.arm_irq_priority_set
                0x000012c0       0x2c zephyr/arch/arch/arm/core/cortex_m/libarch__arm__core__cortex_m.a(irq_manage.c.obj)
                0x000012c0                arm_irq_priority_set
 .text.relocate_vector_table
                0x000012ec       0x1c zephyr/arch/arch/arm/core/cortex_m/libarch__arm__core__cortex_m.a(prep_c.c.obj)
                0x000012ec                relocate_vector_table
 .text.z_prep_c
                0x00001308       0x28 zephyr/arch/arch/arm/core/cortex_m/libarch__arm__core__cortex_m.a(prep_c.c.obj)
                0x00001308                z_prep_c
 .text.arch_new_thread
                0x00001330       0x38 zephyr/arch/arch/arm/core/cortex_m/libarch__arm__core__cortex_m.a(thread.c.obj)
                0x00001330                arch_new_thread
 .text.arch_switch_to_main_thread
                0x00001368       0x40 zephyr/arch/arch/arm/core/cortex_m/libarch__arm__core__cortex_m.a(thread.c.obj)
                0x00001368                arch_switch_to_main_thread
 .text.z_arm_cpu_idle_init
                0x000013a8        0xc zephyr/arch/arch/arm/core/cortex_m/libarch__arm__core__cortex_m.a(cpu_idle.c.obj)
                0x000013a8                z_arm_cpu_idle_init
 .text._HandlerModeExit
                0x000013b4       0x20 zephyr/arch/arch/arm/core/cortex_m/libarch__arm__core__cortex_m.a(exc_exit.c.obj)
                0x000013b4                z_arm_exc_exit
                0x000013b4                z_arm_int_exit
 .text.z_impl_k_thread_abort
                0x000013d4       0x2c zephyr/arch/arch/arm/core/cortex_m/libarch__arm__core__cortex_m.a(thread_abort.c.obj)
                0x000013d4                z_impl_k_thread_abort
 .text.z_arm_pendsv
                0x00001400       0x60 zephyr/arch/arch/arm/core/cortex_m/libarch__arm__core__cortex_m.a(swap_helper.S.obj)
                0x00001400                z_arm_pendsv
 .text.z_arm_interrupt_init
                0x00001460       0x20 zephyr/arch/arch/arm/core/cortex_m/libarch__arm__core__cortex_m.a(irq_init.c.obj)
                0x00001460                z_arm_interrupt_init
 .text._isr_wrapper
                0x00001480       0x24 zephyr/arch/arch/arm/core/cortex_m/libarch__arm__core__cortex_m.a(isr_wrapper.c.obj)
                0x00001480                _isr_wrapper
 .text.__aeabi_read_tp
                0x000014a4        0xc zephyr/arch/arch/arm/core/cortex_m/libarch__arm__core__cortex_m.a(__aeabi_read_tp.S.obj)
                0x000014a4                __aeabi_read_tp
 .text.z_arm_configure_static_mpu_regions
                0x000014b0       0x3c zephyr/arch/arch/arm/core/mpu/libarch__arm__core__mpu.a(arm_core_mpu.c.obj)
                0x000014b0                z_arm_configure_static_mpu_regions
 .text.region_init
                0x000014ec       0x30 zephyr/arch/arch/arm/core/mpu/libarch__arm__core__mpu.a(arm_mpu.c.obj)
 .text.region_allocate_and_init
                0x0000151c       0x24 zephyr/arch/arch/arm/core/mpu/libarch__arm__core__mpu.a(arm_mpu.c.obj)
 .text.mpu_configure_regions_and_partition.constprop.0
                0x00001540      0x140 zephyr/arch/arch/arm/core/mpu/libarch__arm__core__mpu.a(arm_mpu.c.obj)
 .text.arm_core_mpu_enable
                0x00001680       0x18 zephyr/arch/arch/arm/core/mpu/libarch__arm__core__mpu.a(arm_mpu.c.obj)
                0x00001680                arm_core_mpu_enable
 .text.arm_core_mpu_disable
                0x00001698       0x14 zephyr/arch/arch/arm/core/mpu/libarch__arm__core__mpu.a(arm_mpu.c.obj)
                0x00001698                arm_core_mpu_disable
 .text.arm_core_mpu_configure_static_mpu_regions
                0x000016ac       0x14 zephyr/arch/arch/arm/core/mpu/libarch__arm__core__mpu.a(arm_mpu.c.obj)
                0x000016ac                arm_core_mpu_configure_static_mpu_regions
 .text.arm_core_mpu_mark_areas_for_dynamic_regions
                0x000016c0       0xb8 zephyr/arch/arch/arm/core/mpu/libarch__arm__core__mpu.a(arm_mpu.c.obj)
                0x000016c0                arm_core_mpu_mark_areas_for_dynamic_regions
 .text.z_arm_mpu_init
                0x00001778      0x164 zephyr/arch/arch/arm/core/mpu/libarch__arm__core__mpu.a(arm_mpu.c.obj)
                0x00001778                z_arm_mpu_init
 .text.z_impl_zephyr_fputc
                0x000018dc       0x10 zephyr/lib/libc/picolibc/liblib__libc__picolibc.a(stdio.c.obj)
                0x000018dc                z_impl_zephyr_fputc
 .text.__stdout_hook_install
                0x000018ec       0x18 zephyr/lib/libc/picolibc/liblib__libc__picolibc.a(stdio.c.obj)
                0x000018ec                __stdout_hook_install
 .text.malloc_prepare
                0x00001904       0x24 zephyr/lib/libc/common/liblib__libc__common.a(malloc.c.obj)
 .text.nordicsemi_nrf54l_init
                0x00001928       0xa8 zephyr/soc/soc/nrf54l15/libsoc__nordic.a(soc.c.obj)
                0x00001928                nordicsemi_nrf54l_init
 .text.arch_busy_wait
                0x000019d0       0x24 zephyr/soc/soc/nrf54l15/libsoc__nordic.a(soc.c.obj)
                0x000019d0                arch_busy_wait
 .text.adc_gain_invert_64
                0x000019f4       0x3c zephyr/drivers/adc/libdrivers__adc.a(adc_common.c.obj)
                0x000019f4                adc_gain_invert_64
 .text.adc_nrfx_channel_setup
                0x00001a30      0x124 zephyr/drivers/adc/libdrivers__adc.a(adc_nrfx_saadc.c.obj)
 .text.adc_context_start_sampling.constprop.0
                0x00001b54       0x38 zephyr/drivers/adc/libdrivers__adc.a(adc_nrfx_saadc.c.obj)
 .text.event_handler
                0x00001b8c      0x15c zephyr/drivers/adc/libdrivers__adc.a(adc_nrfx_saadc.c.obj)
 .text.external_timer_expired_handler
                0x00001ce8       0x24 zephyr/drivers/adc/libdrivers__adc.a(adc_nrfx_saadc.c.obj)
 .text.init_saadc
                0x00001d0c       0x44 zephyr/drivers/adc/libdrivers__adc.a(adc_nrfx_saadc.c.obj)
 .text.adc_nrfx_read
                0x00001d50      0x1cc zephyr/drivers/adc/libdrivers__adc.a(adc_nrfx_saadc.c.obj)
 .text.cache_instr_enable
                0x00001f1c       0x10 zephyr/drivers/cache/libdrivers__cache.a(cache_nrf.c.obj)
                0x00001f1c                cache_instr_enable
 .text.onoff_stop
                0x00001f2c       0x30 zephyr/drivers/clock_control/libdrivers__clock_control.a(clock_control_nrf.c.obj)
 .text.onoff_start
                0x00001f5c       0x44 zephyr/drivers/clock_control/libdrivers__clock_control.a(clock_control_nrf.c.obj)
 .text.clk_init
                0x00001fa0       0x58 zephyr/drivers/clock_control/libdrivers__clock_control.a(clock_control_nrf.c.obj)
 .text.api_blocking_start
                0x00001ff8       0x30 zephyr/drivers/clock_control/libdrivers__clock_control.a(clock_control_nrf.c.obj)
 .text.generic_hfclk_stop
                0x00002028       0x34 zephyr/drivers/clock_control/libdrivers__clock_control.a(clock_control_nrf.c.obj)
 .text.clkstarted_handle.constprop.0
                0x0000205c       0x4c zephyr/drivers/clock_control/libdrivers__clock_control.a(clock_control_nrf.c.obj)
 .text.generic_hfclk_start
                0x000020a8       0x78 zephyr/drivers/clock_control/libdrivers__clock_control.a(clock_control_nrf.c.obj)
 .text.clock_event_handler
                0x00002120       0x20 zephyr/drivers/clock_control/libdrivers__clock_control.a(clock_control_nrf.c.obj)
 .text.z_nrf_clock_control_lf_on
                0x00002140       0xf8 zephyr/drivers/clock_control/libdrivers__clock_control.a(clock_control_nrf.c.obj)
                0x00002140                z_nrf_clock_control_lf_on
 .text.uart_console_init
                0x00002238       0x28 zephyr/drivers/console/libdrivers__console.a(uart_console.c.obj)
 .text.console_out
                0x00002260       0x28 zephyr/drivers/console/libdrivers__console.a(uart_console.c.obj)
 .text.gpio_nrfx_pin_configure
                0x00002288      0x17c zephyr/drivers/gpio/libdrivers__gpio.a(gpio_nrfx.c.obj)
 .text.nrfx_gpio_handler
                0x00002404       0x58 zephyr/drivers/gpio/libdrivers__gpio.a(gpio_nrfx.c.obj)
 .text.gpio_nrfx_init
                0x0000245c       0x48 zephyr/drivers/gpio/libdrivers__gpio.a(gpio_nrfx.c.obj)
 .text.gpio_nrfx_pin_interrupt_configure
                0x000024a4      0x104 zephyr/drivers/gpio/libdrivers__gpio.a(gpio_nrfx.c.obj)
 .text.nrf_gpio_pin_port_decode
                0x000025a8       0x20 zephyr/drivers/pinctrl/libdrivers__pinctrl.a(pinctrl_nrf.c.obj)
 .text.pinctrl_configure_pins
                0x000025c8      0x17c zephyr/drivers/pinctrl/libdrivers__pinctrl.a(pinctrl_nrf.c.obj)
                0x000025c8                pinctrl_configure_pins
 .text.uarte_nrfx_poll_out
                0x00002744       0xb4 zephyr/drivers/serial/libdrivers__serial.a(uart_nrfx_uarte.c.obj)
 .text.sys_clock_timeout_handler
                0x000027f8       0x4c zephyr/drivers/timer/libdrivers__timer.a(nrf_grtc_timer.c.obj)
 .text.sys_clock_driver_init
                0x00002844       0x88 zephyr/drivers/timer/libdrivers__timer.a(nrf_grtc_timer.c.obj)
 .text.sys_clock_elapsed
                0x000028cc       0x28 zephyr/drivers/timer/libdrivers__timer.a(nrf_grtc_timer.c.obj)
                0x000028cc                sys_clock_elapsed
 .text.sys_clock_set_timeout
                0x000028f4       0xa0 zephyr/drivers/timer/libdrivers__timer.a(nrf_grtc_timer.c.obj)
                0x000028f4                sys_clock_set_timeout
 .text.nrf54l_errata_31
                0x00002994       0x20 modules/hal_nordic/modules/hal_nordic/nrfx/libnrfx.a(system_nrf54l.c.obj)
 .text.nrf54l_handle_approtect_signal
                0x000029b4       0x34 modules/hal_nordic/modules/hal_nordic/nrfx/libnrfx.a(system_nrf54l.c.obj)
 .text.SystemInit
                0x000029e8      0x134 modules/hal_nordic/modules/hal_nordic/nrfx/libnrfx.a(system_nrf54l.c.obj)
                0x000029e8                SystemInit
 .text.xo_event_handler
                0x00002b1c        0xc modules/hal_nordic/modules/hal_nordic/nrfx/libnrfx.a(nrfx_clock.c.obj)
 .text.nrfx_clock_init
                0x00002b28       0x40 modules/hal_nordic/modules/hal_nordic/nrfx/libnrfx.a(nrfx_clock.c.obj)
                0x00002b28                nrfx_clock_init
 .text.nrfx_clock_enable
                0x00002b68       0x24 modules/hal_nordic/modules/hal_nordic/nrfx/libnrfx.a(nrfx_clock.c.obj)
                0x00002b68                nrfx_clock_enable
 .text.clock_stop
                0x00002b8c       0x34 modules/hal_nordic/modules/hal_nordic/nrfx/libnrfx.a(nrfx_clock_lfclk.c.obj)
 .text.nrfx_clock_lfclk_init
                0x00002bc0       0x24 modules/hal_nordic/modules/hal_nordic/nrfx/libnrfx.a(nrfx_clock_lfclk.c.obj)
                0x00002bc0                nrfx_clock_lfclk_init
 .text.nrfx_clock_lfclk_start
                0x00002be4       0x80 modules/hal_nordic/modules/hal_nordic/nrfx/libnrfx.a(nrfx_clock_lfclk.c.obj)
                0x00002be4                nrfx_clock_lfclk_start
 .text.nrfx_clock_lfclk_irq_handler
                0x00002c64       0x70 modules/hal_nordic/modules/hal_nordic/nrfx/libnrfx.a(nrfx_clock_lfclk.c.obj)
                0x00002c64                nrfx_clock_lfclk_irq_handler
 .text.clock_stop
                0x00002cd4       0x54 modules/hal_nordic/modules/hal_nordic/nrfx/libnrfx.a(nrfx_clock_xo.c.obj)
 .text.nrfx_clock_xo_init
                0x00002d28       0x1c modules/hal_nordic/modules/hal_nordic/nrfx/libnrfx.a(nrfx_clock_xo.c.obj)
                0x00002d28                nrfx_clock_xo_init
 .text.nrfx_clock_xo_start
                0x00002d44       0x68 modules/hal_nordic/modules/hal_nordic/nrfx/libnrfx.a(nrfx_clock_xo.c.obj)
                0x00002d44                nrfx_clock_xo_start
 .text.nrfx_clock_xo_irq_handler
                0x00002dac       0x74 modules/hal_nordic/modules/hal_nordic/nrfx/libnrfx.a(nrfx_clock_xo.c.obj)
                0x00002dac                nrfx_clock_xo_irq_handler
 .text.nrf_gpio_pin_port_decode
                0x00002e20       0x20 modules/hal_nordic/modules/hal_nordic/nrfx/libnrfx.a(nrfx_gpiote.c.obj)
 .text.get_pin_idx
                0x00002e40       0x14 modules/hal_nordic/modules/hal_nordic/nrfx/libnrfx.a(nrfx_gpiote.c.obj)
 .text.latch_pending_read_and_check
                0x00002e54       0x58 modules/hal_nordic/modules/hal_nordic/nrfx/libnrfx.a(nrfx_gpiote.c.obj)
 .text.pin_uninit
                0x00002eac       0x78 modules/hal_nordic/modules/hal_nordic/nrfx/libnrfx.a(nrfx_gpiote.c.obj)
 .text.nrfx_gpiote_output_configure
                0x00002f24       0xec modules/hal_nordic/modules/hal_nordic/nrfx/libnrfx.a(nrfx_gpiote.c.obj)
                0x00002f24                nrfx_gpiote_output_configure
 .text.nrfx_gpiote_init
                0x00003010       0x70 modules/hal_nordic/modules/hal_nordic/nrfx/libnrfx.a(nrfx_gpiote.c.obj)
                0x00003010                nrfx_gpiote_init
 .text.nrfx_gpiote_channel_free
                0x00003080       0x14 modules/hal_nordic/modules/hal_nordic/nrfx/libnrfx.a(nrfx_gpiote.c.obj)
                0x00003080                nrfx_gpiote_channel_free
 .text.nrfx_gpiote_channel_alloc
                0x00003094       0x20 modules/hal_nordic/modules/hal_nordic/nrfx/libnrfx.a(nrfx_gpiote.c.obj)
                0x00003094                nrfx_gpiote_channel_alloc
 .text.nrfx_gpiote_irq_handler
                0x000030b4      0x1c8 modules/hal_nordic/modules/hal_nordic/nrfx/libnrfx.a(nrfx_gpiote.c.obj)
                0x000030b4                nrfx_gpiote_irq_handler
 .text.channel_used_mark
                0x0000327c       0x14 modules/hal_nordic/modules/hal_nordic/nrfx/libnrfx.a(nrfx_grtc.c.obj)
 .text.channel_allocate
                0x00003290       0x48 modules/hal_nordic/modules/hal_nordic/nrfx/libnrfx.a(nrfx_grtc.c.obj)
 .text.nrfx_grtc_syscounter_get
                0x000032d8       0x20 modules/hal_nordic/modules/hal_nordic/nrfx/libnrfx.a(nrfx_grtc.c.obj)
                0x000032d8                nrfx_grtc_syscounter_get
 .text.nrfx_grtc_channel_callback_set
                0x000032f8       0x2c modules/hal_nordic/modules/hal_nordic/nrfx/libnrfx.a(nrfx_grtc.c.obj)
                0x000032f8                nrfx_grtc_channel_callback_set
 .text.nrfx_grtc_init
                0x00003324      0x118 modules/hal_nordic/modules/hal_nordic/nrfx/libnrfx.a(nrfx_grtc.c.obj)
                0x00003324                nrfx_grtc_init
 .text.nrfx_grtc_syscounter_start
                0x0000343c       0xa0 modules/hal_nordic/modules/hal_nordic/nrfx/libnrfx.a(nrfx_grtc.c.obj)
                0x0000343c                nrfx_grtc_syscounter_start
 .text.nrfx_grtc_syscounter_cc_abs_set
                0x000034dc       0x6c modules/hal_nordic/modules/hal_nordic/nrfx/libnrfx.a(nrfx_grtc.c.obj)
                0x000034dc                nrfx_grtc_syscounter_cc_abs_set
 .text.nrfx_grtc_syscounter_cc_rel_set
                0x00003548       0x40 modules/hal_nordic/modules/hal_nordic/nrfx/libnrfx.a(nrfx_grtc.c.obj)
                0x00003548                nrfx_grtc_syscounter_cc_rel_set
 .text.nrfx_grtc_irq_handler
                0x00003588       0xb0 modules/hal_nordic/modules/hal_nordic/nrfx/libnrfx.a(nrfx_grtc.c.obj)
                0x00003588                nrfx_grtc_irq_handler
 .text.__nrfy_internal_rramc_config_set.constprop.0.isra.0
                0x00003638       0x18 modules/hal_nordic/modules/hal_nordic/nrfx/libnrfx.a(nrfx_rramc.c.obj)
 .text.nrfx_saadc_ain_get
                0x00003650       0x2c modules/hal_nordic/modules/hal_nordic/nrfx/libnrfx.a(nrfx_saadc.c.obj)
 .text.saadc_busy_check
                0x0000367c       0x20 modules/hal_nordic/modules/hal_nordic/nrfx/libnrfx.a(nrfx_saadc.c.obj)
 .text.saadc_pre_calibration_state_restore
                0x0000369c       0x64 modules/hal_nordic/modules/hal_nordic/nrfx/libnrfx.a(nrfx_saadc.c.obj)
 .text.saadc_channels_deconfig
                0x00003700       0x44 modules/hal_nordic/modules/hal_nordic/nrfx/libnrfx.a(nrfx_saadc.c.obj)
 .text.__nrfy_internal_saadc_events_process.constprop.0
                0x00003744       0x8c modules/hal_nordic/modules/hal_nordic/nrfx/libnrfx.a(nrfx_saadc.c.obj)
 .text.saadc_channel_config
                0x000037d0       0xa4 modules/hal_nordic/modules/hal_nordic/nrfx/libnrfx.a(nrfx_saadc.c.obj)
 .text.saadc_generic_mode_set
                0x00003874       0xe4 modules/hal_nordic/modules/hal_nordic/nrfx/libnrfx.a(nrfx_saadc.c.obj)
 .text.saadc_disable
                0x00003958       0x2c modules/hal_nordic/modules/hal_nordic/nrfx/libnrfx.a(nrfx_saadc.c.obj)
 .text.nrfx_saadc_init
                0x00003984       0x90 modules/hal_nordic/modules/hal_nordic/nrfx/libnrfx.a(nrfx_saadc.c.obj)
                0x00003984                nrfx_saadc_init
 .text.nrfx_saadc_channels_configured_get
                0x00003a14        0xc modules/hal_nordic/modules/hal_nordic/nrfx/libnrfx.a(nrfx_saadc.c.obj)
                0x00003a14                nrfx_saadc_channels_configured_get
 .text.nrfx_saadc_simple_mode_set
                0x00003a20       0x6c modules/hal_nordic/modules/hal_nordic/nrfx/libnrfx.a(nrfx_saadc.c.obj)
                0x00003a20                nrfx_saadc_simple_mode_set
 .text.nrfx_saadc_advanced_mode_set
                0x00003a8c       0xa0 modules/hal_nordic/modules/hal_nordic/nrfx/libnrfx.a(nrfx_saadc.c.obj)
                0x00003a8c                nrfx_saadc_advanced_mode_set
 .text.nrfx_saadc_buffer_set
                0x00003b2c       0x84 modules/hal_nordic/modules/hal_nordic/nrfx/libnrfx.a(nrfx_saadc.c.obj)
                0x00003b2c                nrfx_saadc_buffer_set
 .text.nrfx_saadc_mode_trigger
                0x00003bb0      0x164 modules/hal_nordic/modules/hal_nordic/nrfx/libnrfx.a(nrfx_saadc.c.obj)
                0x00003bb0                nrfx_saadc_mode_trigger
 .text.nrfx_saadc_offset_calibrate
                0x00003d14       0xc4 modules/hal_nordic/modules/hal_nordic/nrfx/libnrfx.a(nrfx_saadc.c.obj)
                0x00003d14                nrfx_saadc_offset_calibrate
 .text.nrfx_saadc_irq_handler
                0x00003dd8      0x1a4 modules/hal_nordic/modules/hal_nordic/nrfx/libnrfx.a(nrfx_saadc.c.obj)
                0x00003dd8                nrfx_saadc_irq_handler
 .text.z_fatal_error
                0x00003f7c       0x30 zephyr/kernel/libkernel.a(fatal.c.obj)
                0x00003f7c                z_fatal_error
 .text.z_sys_init_run_level
                0x00003fac       0x30 zephyr/kernel/libkernel.a(init.c.obj)
 .text.bg_thread_main
                0x00003fdc       0xc0 zephyr/kernel/libkernel.a(init.c.obj)
 .text.z_init_cpu
                0x0000409c       0x68 zephyr/kernel/libkernel.a(init.c.obj)
                0x0000409c                z_init_cpu
 .text.z_cstart
                0x00004104       0xcc zephyr/kernel/libkernel.a(init.c.obj)
                0x00004104                z_cstart
 .text.z_impl_k_mutex_lock
                0x000041d0       0xe4 zephyr/kernel/libkernel.a(mutex.c.obj)
                0x000041d0                z_impl_k_mutex_lock
 .text.z_impl_k_mutex_unlock
                0x000042b4       0xa0 zephyr/kernel/libkernel.a(mutex.c.obj)
                0x000042b4                z_impl_k_mutex_unlock
 .text.z_impl_k_sem_give
                0x00004354       0x68 zephyr/kernel/libkernel.a(sem.c.obj)
                0x00004354                z_impl_k_sem_give
 .text.z_impl_k_sem_take
                0x000043bc       0x4c zephyr/kernel/libkernel.a(sem.c.obj)
                0x000043bc                z_impl_k_sem_take
 .text.z_setup_new_thread
                0x00004408       0x7c zephyr/kernel/libkernel.a(thread.c.obj)
                0x00004408                z_setup_new_thread
 .text.z_dummy_thread_init
                0x00004484       0x18 zephyr/kernel/libkernel.a(thread.c.obj)
                0x00004484                z_dummy_thread_init
 .text.z_swap_irqlock
                0x0000449c       0x34 zephyr/kernel/libkernel.a(sched.c.obj)
 .text.ready_thread
                0x000044d0       0x80 zephyr/kernel/libkernel.a(sched.c.obj)
 .text.unready_thread
                0x00004550       0x54 zephyr/kernel/libkernel.a(sched.c.obj)
 .text.add_thread_timeout
                0x000045a4       0x1c zephyr/kernel/libkernel.a(sched.c.obj)
 .text.reschedule.isra.0
                0x000045c0       0x28 zephyr/kernel/libkernel.a(sched.c.obj)
 .text.move_current_to_end_of_prio_q
                0x000045e8       0x6c zephyr/kernel/libkernel.a(sched.c.obj)
                0x000045e8                move_current_to_end_of_prio_q
 .text.z_pend_curr
                0x00004654       0x44 zephyr/kernel/libkernel.a(sched.c.obj)
                0x00004654                z_pend_curr
 .text.z_thread_prio_set
                0x00004698       0xd8 zephyr/kernel/libkernel.a(sched.c.obj)
                0x00004698                z_thread_prio_set
 .text.k_sched_lock
                0x00004770       0x28 zephyr/kernel/libkernel.a(sched.c.obj)
                0x00004770                k_sched_lock
 .text.k_sched_unlock
                0x00004798       0x54 zephyr/kernel/libkernel.a(sched.c.obj)
                0x00004798                k_sched_unlock
 .text.z_sched_init
                0x000047ec       0x10 zephyr/kernel/libkernel.a(sched.c.obj)
                0x000047ec                z_sched_init
 .text.z_impl_k_yield
                0x000047fc       0x84 zephyr/kernel/libkernel.a(sched.c.obj)
                0x000047fc                z_impl_k_yield
 .text.z_tick_sleep
                0x00004880       0x78 zephyr/kernel/libkernel.a(sched.c.obj)
 .text.z_impl_k_sched_current_thread_query
                0x000048f8        0xc zephyr/kernel/libkernel.a(sched.c.obj)
                0x000048f8                z_impl_k_sched_current_thread_query
 .text.z_thread_abort
                0x00004904      0x13c zephyr/kernel/libkernel.a(sched.c.obj)
                0x00004904                z_thread_abort
 .text.z_time_slice_size
                0x00004a40       0x40 zephyr/kernel/libkernel.a(timeslicing.c.obj)
 .text.slice_timeout
                0x00004a80       0x20 zephyr/kernel/libkernel.a(timeslicing.c.obj)
 .text.z_reset_time_slice
                0x00004aa0       0x44 zephyr/kernel/libkernel.a(timeslicing.c.obj)
                0x00004aa0                z_reset_time_slice
 .text.z_time_slice
                0x00004ae4       0x5c zephyr/kernel/libkernel.a(timeslicing.c.obj)
                0x00004ae4                z_time_slice
 .text.first    0x00004b40       0x10 zephyr/kernel/libkernel.a(timeout.c.obj)
 .text.elapsed  0x00004b50       0x14 zephyr/kernel/libkernel.a(timeout.c.obj)
 .text.remove_timeout
                0x00004b64       0x38 zephyr/kernel/libkernel.a(timeout.c.obj)
 .text.z_add_timeout
                0x00004b9c      0x120 zephyr/kernel/libkernel.a(timeout.c.obj)
                0x00004b9c                z_add_timeout
 .text.sys_clock_announce_locked
                0x00004cbc       0xb8 zephyr/kernel/libkernel.a(timeout.c.obj)
                0x00004cbc                sys_clock_announce_locked
 .text.sys_clock_tick_get
                0x00004d74       0x30 zephyr/kernel/libkernel.a(timeout.c.obj)
                0x00004d74                sys_clock_tick_get
 .text.z_timer_expiration_handler
                0x00004da4      0x10c zephyr/kernel/libkernel.a(timer.c.obj)
                0x00004da4                z_timer_expiration_handler
 .text.z_impl_k_timer_start
                0x00004eb0       0x70 zephyr/kernel/libkernel.a(timer.c.obj)
                0x00004eb0                z_impl_k_timer_start
 .text.z_impl_k_timer_stop
                0x00004f20       0x60 zephyr/kernel/libkernel.a(timer.c.obj)
                0x00004f20                z_impl_k_timer_stop
 .text.psa_get_initialized
                0x00004f80       0x40 modules/nrf/subsys/nrf_security/src/core/nrf_oberon/libpsa_core.a(psa_crypto.c.obj)
 .text.mbedtls_psa_crypto_free
                0x00004fc0       0x80 modules/nrf/subsys/nrf_security/src/core/nrf_oberon/libpsa_core.a(psa_crypto.c.obj)
                0x00004fc0                mbedtls_psa_crypto_free
 .text.psa_crypto_init
                0x00005040       0xf0 modules/nrf/subsys/nrf_security/src/core/nrf_oberon/libpsa_core.a(psa_crypto.c.obj)
                0x00005040                psa_crypto_init
 .text.psa_initialize_key_slots
                0x00005130       0x10 modules/nrf/subsys/nrf_security/src/core/nrf_oberon/libpsa_core.a(psa_crypto_slot_management.c.obj)
                0x00005130                psa_initialize_key_slots
 .text.psa_wipe_all_key_slots
                0x00005140       0x34 modules/nrf/subsys/nrf_security/src/core/nrf_oberon/libpsa_core.a(psa_crypto_slot_management.c.obj)
                0x00005140                psa_wipe_all_key_slots
 .text.mbedtls_platform_zeroize
                0x00005174       0x18 modules/nrf/subsys/nrf_security/src/core/nrf_oberon/libpsa_core.a(platform_util.c.obj)
                0x00005174                mbedtls_platform_zeroize
 .text.cracen_acquire
                0x0000518c       0x40 modules/nrf/subsys/nrf_security/src/drivers/cracen/libcracen_psa_driver.a(hardware.c.obj)
                0x0000518c                cracen_acquire
 .text.cracen_release
                0x000051cc       0x6c modules/nrf/subsys/nrf_security/src/drivers/cracen/libcracen_psa_driver.a(hardware.c.obj)
                0x000051cc                cracen_release
 .text.cracen_init
                0x00005238       0x4c modules/nrf/subsys/nrf_security/src/drivers/cracen/libcracen_psa_driver.a(hardware.c.obj)
                0x00005238                cracen_init
 .text.lib_kmu_clear_all_events
                0x00005284       0x24 modules/nrf/subsys/nrf_security/src/drivers/cracen/libcracen_psa_driver.a(lib_kmu.c.obj)
                0x00005284                lib_kmu_clear_all_events
 .text.trigger_task_and_wait_for_event_or_error
                0x000052a8       0x54 modules/nrf/subsys/nrf_security/src/drivers/cracen/libcracen_psa_driver.a(lib_kmu.c.obj)
 .text.lib_kmu_provision_slot
                0x000052fc       0x3c modules/nrf/subsys/nrf_security/src/drivers/cracen/libcracen_psa_driver.a(lib_kmu.c.obj)
                0x000052fc                lib_kmu_provision_slot
 .text.lib_kmu_push_slot
                0x00005338       0x1c modules/nrf/subsys/nrf_security/src/drivers/cracen/libcracen_psa_driver.a(lib_kmu.c.obj)
                0x00005338                lib_kmu_push_slot
 .text.lib_kmu_revoke_slot
                0x00005354       0x34 modules/nrf/subsys/nrf_security/src/drivers/cracen/libcracen_psa_driver.a(lib_kmu.c.obj)
                0x00005354                lib_kmu_revoke_slot
 .text.lib_kmu_read_metadata
                0x00005388       0x30 modules/nrf/subsys/nrf_security/src/drivers/cracen/libcracen_psa_driver.a(lib_kmu.c.obj)
                0x00005388                lib_kmu_read_metadata
 .text.cracen_kmu_provision
                0x000053b8      0x250 modules/nrf/subsys/nrf_security/src/drivers/cracen/libcracen_psa_driver.a(cracen_psa_kmu.c.obj)
                0x000053b8                cracen_kmu_provision
 .text.cracen_provision_prot_ram_inv_slots
                0x00005608       0x7c modules/nrf/subsys/nrf_security/src/drivers/cracen/libcracen_psa_driver.a(cracen_psa_kmu.c.obj)
                0x00005608                cracen_provision_prot_ram_inv_slots
 .text.sx_hw_reserve
                0x00005684       0x54 modules/nrf/subsys/nrf_security/src/drivers/cracen/libcracen_psa_driver.a(cmdma_hw.c.obj)
                0x00005684                sx_hw_reserve
 .text.sx_hw_release
                0x000056d8       0x24 modules/nrf/subsys/nrf_security/src/drivers/cracen/libcracen_psa_driver.a(cmdma_hw.c.obj)
                0x000056d8                sx_hw_release
 .text.cracen_isr_handler
                0x000056fc       0x68 modules/nrf/subsys/nrf_security/src/drivers/cracen/libcracen_psa_driver.a(interrupts.c.obj)
                0x000056fc                cracen_isr_handler
 .text.cracen_interrupts_init
                0x00005764       0x28 modules/nrf/subsys/nrf_security/src/drivers/cracen/libcracen_psa_driver.a(interrupts.c.obj)
                0x00005764                cracen_interrupts_init
 .text.cracen_wait_for_cm_interrupt
                0x0000578c       0x30 modules/nrf/subsys/nrf_security/src/drivers/cracen/libcracen_psa_driver.a(interrupts.c.obj)
                0x0000578c                cracen_wait_for_cm_interrupt
 .text.sx_pk_fetch_capabilities
                0x000057bc       0x24 modules/nrf/subsys/nrf_security/src/drivers/cracen/libcracen_psa_driver.a(pk_baremetal.c.obj)
                0x000057bc                sx_pk_fetch_capabilities
 .text.sx_pk_init
                0x000057e0       0x34 modules/nrf/subsys/nrf_security/src/drivers/cracen/libcracen_psa_driver.a(pk_baremetal.c.obj)
                0x000057e0                sx_pk_init
 .text.sx_get_current_req
                0x00005814        0x8 modules/nrf/subsys/nrf_security/src/drivers/cracen/libcracen_psa_driver.a(pk_baremetal.c.obj)
                0x00005814                sx_get_current_req
 .text.ctr_drbg_update
                0x0000581c       0xb4 modules/nrf/subsys/nrf_security/src/drivers/cracen/libcracen_psa_driver.a(cracen_psa_ctr_drbg.c.obj)
 .text.cracen_init_random
                0x000058d0       0x74 modules/nrf/subsys/nrf_security/src/drivers/cracen/libcracen_psa_driver.a(cracen_psa_ctr_drbg.c.obj)
                0x000058d0                cracen_init_random
 .text.cracen_get_random
                0x00005944      0x140 modules/nrf/subsys/nrf_security/src/drivers/cracen/libcracen_psa_driver.a(cracen_psa_ctr_drbg.c.obj)
                0x00005944                cracen_get_random
 .text.sx_blkcipher_ecb_simple
                0x00005a84       0x9c modules/nrf/subsys/nrf_security/src/drivers/cracen/libcracen_psa_driver.a(blkcipher.c.obj)
                0x00005a84                sx_blkcipher_ecb_simple
 .text.sx_trng_flush
                0x00005b20       0x30 modules/nrf/subsys/nrf_security/src/drivers/cracen/libcracen_psa_driver.a(trng.c.obj)
 .text.sx_trng_restart
                0x00005b50       0x28 modules/nrf/subsys/nrf_security/src/drivers/cracen/libcracen_psa_driver.a(trng.c.obj)
                0x00005b50                sx_trng_restart
 .text.sx_trng_open
                0x00005b78       0xa4 modules/nrf/subsys/nrf_security/src/drivers/cracen/libcracen_psa_driver.a(trng.c.obj)
                0x00005b78                sx_trng_open
 .text.sx_trng_get
                0x00005c1c       0xd0 modules/nrf/subsys/nrf_security/src/drivers/cracen/libcracen_psa_driver.a(trng.c.obj)
                0x00005c1c                sx_trng_get
 .text.k_event_post_internal
                0x00005cec       0x4c zephyr/kernel/libkernel.a(events.c.obj)
 .text.__l_vfprintf
                0x00005d38      0x484 /opt/nordic/ncs/toolchains/ccc010f809/opt/zephyr-sdk/gnu/arm-zephyr-eabi/bin/../lib/gcc/arm-zephyr-eabi/14.3.0/../../../../arm-zephyr-eabi/lib/thumb/v8-m.main/nofp/space/libc.a(libc_tinystdio_vflprintf.c.o)
                0x00005d38                __l_vfprintf
 .text._OffsetAbsSyms
                0x000061bc        0x2 zephyr/CMakeFiles/offsets.dir/./arch/arm/core/offsets/offsets.c.obj
                0x000061bc                _OffsetAbsSyms
 .text.chunk_size
                0x000061be        0xa zephyr/libzephyr.a(heap.c.obj)
 .text.free_list_add
                0x000061c8       0x4e zephyr/libzephyr.a(heap.c.obj)
 .text.sys_heap_init
                0x00006216       0x82 zephyr/libzephyr.a(heap.c.obj)
                0x00006216                sys_heap_init
 .text.arch_printk_char_out
                0x00006298        0x4 zephyr/libzephyr.a(printk.c.obj)
                0x00006298                arch_printk_char_out
 .text.printk   0x0000629c       0x1a zephyr/libzephyr.a(printk.c.obj)
                0x0000629c                printk
 .text.assert_print
                0x000062b6       0x1a zephyr/libzephyr.a(assert.c.obj)
                0x000062b6                assert_print
 .text.process_recheck
                0x000062d0       0x38 zephyr/libzephyr.a(onoff.c.obj)
 .text.validate_args
                0x00006308       0x20 zephyr/libzephyr.a(onoff.c.obj)
 .text.notify_one
                0x00006328       0x2c zephyr/libzephyr.a(onoff.c.obj)
 .text.transition_complete
                0x00006354       0x1a zephyr/libzephyr.a(onoff.c.obj)
 .text.onoff_manager_init
                0x0000636e       0x26 zephyr/libzephyr.a(onoff.c.obj)
                0x0000636e                onoff_manager_init
 .text.onoff_request
                0x00006394       0x96 zephyr/libzephyr.a(onoff.c.obj)
                0x00006394                onoff_request
 .text.sys_notify_validate
                0x0000642a       0x22 zephyr/libzephyr.a(notify.c.obj)
                0x0000642a                sys_notify_validate
 .text.sys_notify_finalize
                0x0000644c       0x1a zephyr/libzephyr.a(notify.c.obj)
                0x0000644c                sys_notify_finalize
 .text._ConfigAbsSyms
                0x00006466        0x2 zephyr/libzephyr.a(configs.c.obj)
                0x00006466                _ConfigAbsSyms
 .text.arch_early_memset
                0x00006468        0x4 zephyr/arch/common/libarch__common.a(init.c.obj)
                0x00006468                arch_early_memset
 .text.arch_early_memcpy
                0x0000646c        0x4 zephyr/arch/common/libarch__common.a(init.c.obj)
                0x0000646c                arch_early_memcpy
 .text.z_do_kernel_oops
                0x00006470        0x8 zephyr/arch/arch/arm/core/libarch__arm__core.a(fatal.c.obj)
                0x00006470                z_do_kernel_oops
 .text.z_arm_nmi
                0x00006478        0xe zephyr/arch/arch/arm/core/libarch__arm__core.a(nmi.c.obj)
                0x00006478                z_arm_nmi
 .text.z_irq_spurious
                0x00006486        0x8 zephyr/arch/arch/arm/core/cortex_m/libarch__arm__core__cortex_m.a(irq_manage.c.obj)
                0x00006486                z_irq_spurious
 .text.configure_builtin_stack_guard
                0x0000648e        0x8 zephyr/arch/arch/arm/core/cortex_m/libarch__arm__core__cortex_m.a(thread.c.obj)
                0x0000648e                configure_builtin_stack_guard
 .text.arch_coprocessors_disable
                0x00006496        0x6 zephyr/arch/arch/arm/core/cortex_m/libarch__arm__core__cortex_m.a(thread.c.obj)
                0x00006496                arch_coprocessors_disable
 .text.arch_irq_unlock_outlined
                0x0000649c        0xe zephyr/arch/arch/arm/core/cortex_m/libarch__arm__core__cortex_m.a(thread.c.obj)
                0x0000649c                arch_irq_unlock_outlined
 .text.arch_cpu_idle
                0x000064aa       0x1a zephyr/arch/arch/arm/core/cortex_m/libarch__arm__core__cortex_m.a(cpu_idle.c.obj)
                0x000064aa                arch_cpu_idle
 .text.arch_cpu_atomic_idle
                0x000064c4       0x1e zephyr/arch/arch/arm/core/cortex_m/libarch__arm__core__cortex_m.a(cpu_idle.c.obj)
                0x000064c4                arch_cpu_atomic_idle
 .text.arm_cmse_mpu_region_get
                0x000064e2       0x12 zephyr/arch/arch/arm/core/cortex_m/cmse/libarch__arm__core__cortex_m__cmse.a(arm_core_cmse.c.obj)
                0x000064e2                arm_cmse_mpu_region_get
 .text.mpu_configure_region
                0x000064f4       0x32 zephyr/arch/arch/arm/core/mpu/libarch__arm__core__mpu.a(arm_mpu.c.obj)
 .text.picolibc_put
                0x00006526        0xa zephyr/lib/libc/picolibc/liblib__libc__picolibc.a(stdio.c.obj)
 .text.k_sem_give
                0x00006530        0x4 zephyr/drivers/adc/libdrivers__adc.a(adc_nrfx_saadc.c.obj)
 .text.get_status
                0x00006534       0x12 zephyr/drivers/clock_control/libdrivers__clock_control.a(clock_control_nrf.c.obj)
 .text.stop     0x00006546       0x50 zephyr/drivers/clock_control/libdrivers__clock_control.a(clock_control_nrf.c.obj)
 .text.api_stop
                0x00006596        0x6 zephyr/drivers/clock_control/libdrivers__clock_control.a(clock_control_nrf.c.obj)
 .text.async_start
                0x0000659c       0x60 zephyr/drivers/clock_control/libdrivers__clock_control.a(clock_control_nrf.c.obj)
 .text.api_start
                0x000065fc        0xe zephyr/drivers/clock_control/libdrivers__clock_control.a(clock_control_nrf.c.obj)
 .text.onoff_started_callback
                0x0000660a       0x12 zephyr/drivers/clock_control/libdrivers__clock_control.a(clock_control_nrf.c.obj)
 .text.blocking_start_callback
                0x0000661c        0x6 zephyr/drivers/clock_control/libdrivers__clock_control.a(clock_control_nrf.c.obj)
 .text.lfclk_stop
                0x00006622        0x4 zephyr/drivers/clock_control/libdrivers__clock_control.a(clock_control_nrf.c.obj)
 .text.lfclk_start
                0x00006626        0x4 zephyr/drivers/clock_control/libdrivers__clock_control.a(clock_control_nrf.c.obj)
 .text.gpio_nrfx_port_get_raw
                0x0000662a        0xc zephyr/drivers/gpio/libdrivers__gpio.a(gpio_nrfx.c.obj)
 .text.gpio_nrfx_port_set_masked_raw
                0x00006636       0x14 zephyr/drivers/gpio/libdrivers__gpio.a(gpio_nrfx.c.obj)
 .text.gpio_nrfx_port_set_bits_raw
                0x0000664a        0xa zephyr/drivers/gpio/libdrivers__gpio.a(gpio_nrfx.c.obj)
 .text.gpio_nrfx_port_clear_bits_raw
                0x00006654        0xa zephyr/drivers/gpio/libdrivers__gpio.a(gpio_nrfx.c.obj)
 .text.gpio_nrfx_port_toggle_bits
                0x0000665e       0x14 zephyr/drivers/gpio/libdrivers__gpio.a(gpio_nrfx.c.obj)
 .text.gpio_nrfx_manage_callback
                0x00006672       0x54 zephyr/drivers/gpio/libdrivers__gpio.a(gpio_nrfx.c.obj)
 .text.gpio_nrfx_gpiote_irq_handler
                0x000066c6        0x4 zephyr/drivers/gpio/libdrivers__gpio.a(gpio_nrfx.c.obj)
                0x000066c6                gpio_nrfx_gpiote_irq_handler
 .text.pinctrl_lookup_state
                0x000066ca       0x24 zephyr/drivers/pinctrl/libdrivers__pinctrl.a(common.c.obj)
                0x000066ca                pinctrl_lookup_state
 .text.uarte_nrfx_isr_int
                0x000066ee        0xa zephyr/drivers/serial/libdrivers__serial.a(uart_nrfx_uarte.c.obj)
 .text.uarte_nrfx_err_check
                0x000066f8        0xe zephyr/drivers/serial/libdrivers__serial.a(uart_nrfx_uarte.c.obj)
 .text.uarte_nrfx_poll_in
                0x00006706       0x26 zephyr/drivers/serial/libdrivers__serial.a(uart_nrfx_uarte.c.obj)
 .text.pinctrl_apply_state.isra.0
                0x0000672c       0x1e zephyr/drivers/serial/libdrivers__serial.a(uart_nrfx_uarte.c.obj)
 .text.uarte_20_init
                0x0000674a       0xaa zephyr/drivers/serial/libdrivers__serial.a(uart_nrfx_uarte.c.obj)
 .text.grtc_post_init
                0x000067f4        0xc zephyr/drivers/timer/libdrivers__timer.a(nrf_grtc_timer.c.obj)
 .text._psa_crypto_init
                0x00006800       0x1e modules/nrf/subsys/nrf_security/src/zephyr/libmbedtls_zephyr.a(psa_crypto_init.c.obj)
 .text.nrfx_isr
                0x0000681e        0x6 modules/hal_nordic/modules/hal_nordic/nrfx/libnrfx.a(nrfx_glue.c.obj)
                0x0000681e                nrfx_isr
 .text.nrfx_busy_wait
                0x00006824        0x4 modules/hal_nordic/modules/hal_nordic/nrfx/libnrfx.a(nrfx_glue.c.obj)
                0x00006824                nrfx_busy_wait
 .text.nrfx_flag32_alloc
                0x00006828       0x34 modules/hal_nordic/modules/hal_nordic/nrfx/libnrfx.a(nrfx_flag32_allocator.c.obj)
                0x00006828                nrfx_flag32_alloc
 .text.nrfx_flag32_free
                0x0000685c       0x32 modules/hal_nordic/modules/hal_nordic/nrfx/libnrfx.a(nrfx_flag32_allocator.c.obj)
                0x0000685c                nrfx_flag32_free
 .text.lfclk_event_handler
                0x0000688e        0x4 modules/hal_nordic/modules/hal_nordic/nrfx/libnrfx.a(nrfx_clock.c.obj)
 .text.nrfx_clock_start
                0x00006892       0x10 modules/hal_nordic/modules/hal_nordic/nrfx/libnrfx.a(nrfx_clock.c.obj)
                0x00006892                nrfx_clock_start
 .text.nrfx_clock_stop
                0x000068a2       0x10 modules/hal_nordic/modules/hal_nordic/nrfx/libnrfx.a(nrfx_clock.c.obj)
                0x000068a2                nrfx_clock_stop
 .text.nrfx_power_clock_irq_handler
                0x000068b2        0xe modules/hal_nordic/modules/hal_nordic/nrfx/libnrfx.a(nrfx_clock.c.obj)
                0x000068b2                nrfx_power_clock_irq_handler
 .text.nrfx_clock_lfclk_stop
                0x000068c0        0x4 modules/hal_nordic/modules/hal_nordic/nrfx/libnrfx.a(nrfx_clock_lfclk.c.obj)
                0x000068c0                nrfx_clock_lfclk_stop
 .text.nrfx_clock_xo_stop
                0x000068c4        0x4 modules/hal_nordic/modules/hal_nordic/nrfx/libnrfx.a(nrfx_clock_xo.c.obj)
                0x000068c4                nrfx_clock_xo_stop
 .text.nrf_gpio_reconfigure
                0x000068c8       0x92 modules/hal_nordic/modules/hal_nordic/nrfx/libnrfx.a(nrfx_gpiote.c.obj)
 .text.nrf_gpio_cfg_sense_set
                0x0000695a       0x1e modules/hal_nordic/modules/hal_nordic/nrfx/libnrfx.a(nrfx_gpiote.c.obj)
 .text.pin_in_use_by_te
                0x00006978       0x16 modules/hal_nordic/modules/hal_nordic/nrfx/libnrfx.a(nrfx_gpiote.c.obj)
 .text.pin_is_output
                0x0000698e       0x16 modules/hal_nordic/modules/hal_nordic/nrfx/libnrfx.a(nrfx_gpiote.c.obj)
 .text.pin_te_get
                0x000069a4       0x14 modules/hal_nordic/modules/hal_nordic/nrfx/libnrfx.a(nrfx_gpiote.c.obj)
 .text.call_handler
                0x000069b8       0x3e modules/hal_nordic/modules/hal_nordic/nrfx/libnrfx.a(nrfx_gpiote.c.obj)
 .text.release_handler
                0x000069f6       0x52 modules/hal_nordic/modules/hal_nordic/nrfx/libnrfx.a(nrfx_gpiote.c.obj)
 .text.__nrfy_internal_gpiote_events_process
                0x00006a48       0x4e modules/hal_nordic/modules/hal_nordic/nrfx/libnrfx.a(nrfx_gpiote.c.obj)
 .text.pin_trigger_disable
                0x00006a96       0x44 modules/hal_nordic/modules/hal_nordic/nrfx/libnrfx.a(nrfx_gpiote.c.obj)
 .text.nrfx_gpiote_input_configure
                0x00006ada      0x168 modules/hal_nordic/modules/hal_nordic/nrfx/libnrfx.a(nrfx_gpiote.c.obj)
                0x00006ada                nrfx_gpiote_input_configure
 .text.nrfx_gpiote_global_callback_set
                0x00006c42        0x6 modules/hal_nordic/modules/hal_nordic/nrfx/libnrfx.a(nrfx_gpiote.c.obj)
                0x00006c42                nrfx_gpiote_global_callback_set
 .text.nrfx_gpiote_channel_get
                0x00006c48       0x26 modules/hal_nordic/modules/hal_nordic/nrfx/libnrfx.a(nrfx_gpiote.c.obj)
                0x00006c48                nrfx_gpiote_channel_get
 .text.nrfx_gpiote_init_check
                0x00006c6e        0xc modules/hal_nordic/modules/hal_nordic/nrfx/libnrfx.a(nrfx_gpiote.c.obj)
                0x00006c6e                nrfx_gpiote_init_check
 .text.nrfx_gpiote_pin_uninit
                0x00006c7a        0x4 modules/hal_nordic/modules/hal_nordic/nrfx/libnrfx.a(nrfx_gpiote.c.obj)
                0x00006c7a                nrfx_gpiote_pin_uninit
 .text.nrfx_gpiote_trigger_enable
                0x00006c7e       0xa0 modules/hal_nordic/modules/hal_nordic/nrfx/libnrfx.a(nrfx_gpiote.c.obj)
                0x00006c7e                nrfx_gpiote_trigger_enable
 .text.nrfx_gpiote_trigger_disable
                0x00006d1e        0x4 modules/hal_nordic/modules/hal_nordic/nrfx/libnrfx.a(nrfx_gpiote.c.obj)
                0x00006d1e                nrfx_gpiote_trigger_disable
 .text.nrfx_rramc_write_enable_set
                0x00006d22        0x6 modules/hal_nordic/modules/hal_nordic/nrfx/libnrfx.a(nrfx_rramc.c.obj)
                0x00006d22                nrfx_rramc_write_enable_set
 .text.__nrfy_internal_saadc_event_handle.constprop.0
                0x00006d28       0x30 modules/hal_nordic/modules/hal_nordic/nrfx/libnrfx.a(nrfx_saadc.c.obj)
 .text.__nrfy_internal_saadc_buffer_latch.part.0.constprop.0
                0x00006d58       0x10 modules/hal_nordic/modules/hal_nordic/nrfx/libnrfx.a(nrfx_saadc.c.obj)
 .text.nrfx_saadc_channel_config
                0x00006d68       0x1a modules/hal_nordic/modules/hal_nordic/nrfx/libnrfx.a(nrfx_saadc.c.obj)
                0x00006d68                nrfx_saadc_channel_config
 .text.z_impl_k_busy_wait
                0x00006d82        0x8 zephyr/kernel/libkernel.a(busy_wait.c.obj)
                0x00006d82                z_impl_k_busy_wait
 .text.do_device_init
                0x00006d8a       0x30 zephyr/kernel/libkernel.a(device.c.obj)
                0x00006d8a                do_device_init
 .text.z_impl_device_is_ready
                0x00006dba       0x16 zephyr/kernel/libkernel.a(device.c.obj)
                0x00006dba                z_impl_device_is_ready
 .text.arch_system_halt
                0x00006dd0       0x10 zephyr/kernel/libkernel.a(fatal.c.obj)
                0x00006dd0                arch_system_halt
 .text.k_sys_fatal_error_handler
                0x00006de0        0x6 zephyr/kernel/libkernel.a(fatal.c.obj)
                0x00006de0                k_sys_fatal_error_handler
 .text.idle     0x00006de6       0x16 zephyr/kernel/libkernel.a(idle.c.obj)
                0x00006de6                idle
 .text.adjust_owner_prio.isra.0
                0x00006dfc       0x10 zephyr/kernel/libkernel.a(mutex.c.obj)
 .text.k_is_in_isr
                0x00006e0c        0xc zephyr/kernel/libkernel.a(thread.c.obj)
                0x00006e0c                k_is_in_isr
 .text.sys_dlist_remove
                0x00006e18       0x10 zephyr/kernel/libkernel.a(sched.c.obj)
 .text.unpend_thread_no_timeout
                0x00006e28       0x14 zephyr/kernel/libkernel.a(sched.c.obj)
 .text.add_to_waitq_locked
                0x00006e3c       0x4c zephyr/kernel/libkernel.a(sched.c.obj)
 .text.z_ready_thread
                0x00006e88       0x1e zephyr/kernel/libkernel.a(sched.c.obj)
                0x00006e88                z_ready_thread
 .text.z_unpend_thread_no_timeout
                0x00006ea6       0x22 zephyr/kernel/libkernel.a(sched.c.obj)
                0x00006ea6                z_unpend_thread_no_timeout
 .text.z_sched_wake_thread_locked
                0x00006ec8       0x28 zephyr/kernel/libkernel.a(sched.c.obj)
                0x00006ec8                z_sched_wake_thread_locked
 .text.z_thread_timeout
                0x00006ef0       0x20 zephyr/kernel/libkernel.a(sched.c.obj)
                0x00006ef0                z_thread_timeout
 .text.z_unpend1_no_timeout
                0x00006f10       0x2c zephyr/kernel/libkernel.a(sched.c.obj)
                0x00006f10                z_unpend1_no_timeout
 .text.z_reschedule
                0x00006f3c        0x6 zephyr/kernel/libkernel.a(sched.c.obj)
                0x00006f3c                z_reschedule
 .text.z_impl_k_sleep
                0x00006f42       0x38 zephyr/kernel/libkernel.a(sched.c.obj)
                0x00006f42                z_impl_k_sleep
 .text.z_impl_k_usleep
                0x00006f7a       0x1a zephyr/kernel/libkernel.a(sched.c.obj)
                0x00006f7a                z_impl_k_usleep
 .text.z_impl_k_wakeup
                0x00006f94       0x40 zephyr/kernel/libkernel.a(sched.c.obj)
                0x00006f94                z_impl_k_wakeup
 .text.z_sched_waitq_walk
                0x00006fd4       0x68 zephyr/kernel/libkernel.a(sched.c.obj)
                0x00006fd4                z_sched_waitq_walk
 .text.next_timeout
                0x0000703c       0x2e zephyr/kernel/libkernel.a(timeout.c.obj)
 .text.z_abort_timeout
                0x0000706a       0x6a zephyr/kernel/libkernel.a(timeout.c.obj)
                0x0000706a                z_abort_timeout
 .text.sys_clock_tick_get_32
                0x000070d4        0x8 zephyr/kernel/libkernel.a(timeout.c.obj)
                0x000070d4                sys_clock_tick_get_32
 .text.z_impl_k_uptime_ticks
                0x000070dc        0x4 zephyr/kernel/libkernel.a(timeout.c.obj)
                0x000070dc                z_impl_k_uptime_ticks
 .text.k_timer_init
                0x000070e0       0x18 zephyr/kernel/libkernel.a(timer.c.obj)
                0x000070e0                k_timer_init
 .text.boot_banner
                0x000070f8        0x2 zephyr/kernel/libkernel.a(banner.c.obj)
                0x000070f8                boot_banner
 .text.psa_remove_key_data_from_memory
                0x000070fa       0x16 modules/nrf/subsys/nrf_security/src/core/nrf_oberon/libpsa_core.a(psa_crypto.c.obj)
                0x000070fa                psa_remove_key_data_from_memory
 .text.psa_wipe_key_slot
                0x00007110       0x3a modules/nrf/subsys/nrf_security/src/core/nrf_oberon/libpsa_core.a(psa_crypto.c.obj)
                0x00007110                psa_wipe_key_slot
 .text.psa_driver_wrapper_init
                0x0000714a        0x4 modules/nrf/subsys/nrf_security/src/core/nrf_oberon/libpsa_core.a(psa_crypto_driver_wrappers.c.obj)
                0x0000714a                psa_driver_wrapper_init
 .text.psa_driver_wrapper_free
                0x0000714e        0x2 modules/nrf/subsys/nrf_security/src/core/nrf_oberon/libpsa_core.a(psa_crypto_driver_wrappers.c.obj)
                0x0000714e                psa_driver_wrapper_free
 .text.psa_driver_wrapper_init_random
                0x00007150        0x4 modules/nrf/subsys/nrf_security/src/core/nrf_oberon/libpsa_core.a(psa_crypto_driver_wrappers.c.obj)
                0x00007150                psa_driver_wrapper_init_random
 .text.psa_driver_wrapper_free_random
                0x00007154        0x4 modules/nrf/subsys/nrf_security/src/core/nrf_oberon/libpsa_core.a(psa_crypto_driver_wrappers.c.obj)
                0x00007154                psa_driver_wrapper_free_random
 .text.mbedtls_mutex_lock
                0x00007158        0xc modules/nrf/subsys/nrf_security/src/core/nrf_oberon/libpsa_core.a(threading_alt.c.obj)
                0x00007158                mbedtls_mutex_lock
 .text.mbedtls_mutex_unlock
                0x00007164        0x4 modules/nrf/subsys/nrf_security/src/core/nrf_oberon/libpsa_core.a(threading_alt.c.obj)
                0x00007164                mbedtls_mutex_unlock
 .text.silex_statuscodes_to_psa
                0x00007168       0xbe modules/nrf/subsys/nrf_security/src/drivers/cracen/libcracen_psa_driver.a(common.c.obj)
                0x00007168                silex_statuscodes_to_psa
 .text.cracen_xorbytes
                0x00007226       0x1a modules/nrf/subsys/nrf_security/src/drivers/cracen/libcracen_psa_driver.a(common.c.obj)
                0x00007226                cracen_xorbytes
 .text.cracen_be_add
                0x00007240       0x14 modules/nrf/subsys/nrf_security/src/drivers/cracen/libcracen_psa_driver.a(common.c.obj)
                0x00007240                cracen_be_add
 .text.lib_kmu_is_slot_empty
                0x00007254       0x14 modules/nrf/subsys/nrf_security/src/drivers/cracen/libcracen_psa_driver.a(lib_kmu.c.obj)
                0x00007254                lib_kmu_is_slot_empty
 .text.set_provisioning_in_progress
                0x00007268       0x30 modules/nrf/subsys/nrf_security/src/drivers/cracen/libcracen_psa_driver.a(cracen_psa_kmu.c.obj)
 .text.clean_up_unfinished_provisioning
                0x00007298       0x46 modules/nrf/subsys/nrf_security/src/drivers/cracen/libcracen_psa_driver.a(cracen_psa_kmu.c.obj)
 .text.cracen_push_prot_ram_inv_slots
                0x000072de       0x2e modules/nrf/subsys/nrf_security/src/drivers/cracen/libcracen_psa_driver.a(cracen_psa_kmu.c.obj)
                0x000072de                cracen_push_prot_ram_inv_slots
 .text.sx_clear_interrupt
                0x0000730c        0x8 modules/nrf/subsys/nrf_security/src/drivers/cracen/libcracen_psa_driver.a(pk_baremetal.c.obj)
                0x0000730c                sx_clear_interrupt
 .text.convert_ba414_capabilities
                0x00007314       0x4c modules/nrf/subsys/nrf_security/src/drivers/cracen/libcracen_psa_driver.a(ba414_status.c.obj)
                0x00007314                convert_ba414_capabilities
 .text.trng_get_entropy
                0x00007360       0x50 modules/nrf/subsys/nrf_security/src/drivers/cracen/libcracen_psa_driver.a(cracen_psa_ctr_drbg.c.obj)
 .text.sx_cmdma_reset
                0x000073b0       0x4a modules/nrf/subsys/nrf_security/src/drivers/cracen/libcracen_psa_driver.a(cmdma.c.obj)
                0x000073b0                sx_cmdma_reset
 .text.sx_cmdma_check
                0x000073fa       0x4e modules/nrf/subsys/nrf_security/src/drivers/cracen/libcracen_psa_driver.a(cmdma.c.obj)
                0x000073fa                sx_cmdma_check
 .text.sx_trng_close
                0x00007448       0x14 modules/nrf/subsys/nrf_security/src/drivers/cracen/libcracen_psa_driver.a(trng.c.obj)
                0x00007448                sx_trng_close
 .text.nrf_security_mutex_lock
                0x0000745c        0xc modules/nrf/subsys/nrf_security/src/libnrf_security_utils.a(nrf_security_mutexes.c.obj)
                0x0000745c                nrf_security_mutex_lock
 .text.nrf_security_mutex_unlock
                0x00007468        0x4 modules/nrf/subsys/nrf_security/src/libnrf_security_utils.a(nrf_security_mutexes.c.obj)
                0x00007468                nrf_security_mutex_unlock
 .text.nrf_security_event_init
                0x0000746c        0x4 modules/nrf/subsys/nrf_security/src/libnrf_security_utils.a(nrf_security_events.c.obj)
                0x0000746c                nrf_security_event_init
 .text.nrf_security_event_wait
                0x00007470       0x1a modules/nrf/subsys/nrf_security/src/libnrf_security_utils.a(nrf_security_events.c.obj)
                0x00007470                nrf_security_event_wait
 .text.nrf_security_event_clear
                0x0000748a        0x4 modules/nrf/subsys/nrf_security/src/libnrf_security_utils.a(nrf_security_events.c.obj)
                0x0000748a                nrf_security_event_clear
 .text.nrf_security_event_set
                0x0000748e        0x4 modules/nrf/subsys/nrf_security/src/libnrf_security_utils.a(nrf_security_events.c.obj)
                0x0000748e                nrf_security_event_set
 .text.nrf_security_core_delay_us
                0x00007492        0x4 modules/nrf/subsys/nrf_security/src/libnrf_security_utils.a(nrf_security_core.c.obj)
                0x00007492                nrf_security_core_delay_us
 .text.safe_memset
                0x00007496       0x16 modules/nrf/subsys/nrf_security/src/libnrf_security_utils.a(nrf_security_mem_helpers.c.obj)
                0x00007496                safe_memset
 .text.safe_memzero
                0x000074ac       0x18 modules/nrf/subsys/nrf_security/src/libnrf_security_utils.a(nrf_security_mem_helpers.c.obj)
                0x000074ac                safe_memzero
 .text.k_event_wait_internal
                0x000074c4       0x86 zephyr/kernel/libkernel.a(events.c.obj)
 .text.event_walk_op
                0x0000754a       0x40 zephyr/kernel/libkernel.a(events.c.obj)
 .text.z_impl_k_event_init
                0x0000758a        0xa zephyr/kernel/libkernel.a(events.c.obj)
                0x0000758a                z_impl_k_event_init
 .text.z_impl_k_event_set
                0x00007594        0x8 zephyr/kernel/libkernel.a(events.c.obj)
                0x00007594                z_impl_k_event_set
 .text.z_impl_k_event_clear
                0x0000759c        0x8 zephyr/kernel/libkernel.a(events.c.obj)
                0x0000759c                z_impl_k_event_clear
 .text.z_impl_k_event_wait
                0x000075a4        0x6 zephyr/kernel/libkernel.a(events.c.obj)
                0x000075a4                z_impl_k_event_wait
 .text.memcpy   0x000075aa       0x1a /opt/nordic/ncs/toolchains/ccc010f809/opt/zephyr-sdk/gnu/arm-zephyr-eabi/bin/../lib/gcc/arm-zephyr-eabi/14.3.0/../../../../arm-zephyr-eabi/lib/thumb/v8-m.main/nofp/space/libc.a(memcpy.c.o)
                0x000075aa                memcpy
                0x000075aa                __aeabi_memcpy
                0x000075aa                __aeabi_memcpy4
                0x000075aa                __aeabi_memcpy8
 .text.memset   0x000075c4       0x10 /opt/nordic/ncs/toolchains/ccc010f809/opt/zephyr-sdk/gnu/arm-zephyr-eabi/bin/../lib/gcc/arm-zephyr-eabi/14.3.0/../../../../arm-zephyr-eabi/lib/thumb/v8-m.main/nofp/space/libc.a(memset.c.o)
                0x000075c4                memset
 .text.strnlen  0x000075d4       0x18 /opt/nordic/ncs/toolchains/ccc010f809/opt/zephyr-sdk/gnu/arm-zephyr-eabi/bin/../lib/gcc/arm-zephyr-eabi/14.3.0/../../../../arm-zephyr-eabi/lib/thumb/v8-m.main/nofp/space/libc.a(libc_string_strnlen.c.o)
                0x000075d4                strnlen
 .text.__ultoa_invert
                0x000075ec       0xac /opt/nordic/ncs/toolchains/ccc010f809/opt/zephyr-sdk/gnu/arm-zephyr-eabi/bin/../lib/gcc/arm-zephyr-eabi/14.3.0/../../../../arm-zephyr-eabi/lib/thumb/v8-m.main/nofp/space/libc.a(libc_tinystdio_vflprintf.c.o)
 *(SORT_BY_ALIGNMENT(.gnu.linkonce.t.*))
 *(SORT_BY_ALIGNMENT(.glue_7t))
 .glue_7t       0x00007698        0x0 linker stubs
 *(SORT_BY_ALIGNMENT(.glue_7))
 .glue_7        0x00007698        0x0 linker stubs
 *(SORT_BY_ALIGNMENT(.vfp11_veneer))
 .vfp11_veneer  0x00007698        0x0 linker stubs
 *(SORT_BY_ALIGNMENT(.v4_bx))
 .v4_bx         0x00007698        0x0 linker stubs
                0x00007698                        . = ALIGN (0x4)
                0x00007698                        __text_region_end = .

.ARM.exidx      0x00007698        0x8
                0x00007698                        __exidx_start = .
 *(SORT_BY_ALIGNMENT(.ARM.exidx*) SORT_BY_ALIGNMENT(gnu.linkonce.armexidx.*))
 .ARM.exidx     0x00007698        0x8 /opt/nordic/ncs/toolchains/ccc010f809/opt/zephyr-sdk/gnu/arm-zephyr-eabi/bin/../lib/gcc/arm-zephyr-eabi/14.3.0/thumb/v8-m.main/nofp/space/libgcc.a(_udivmoddi4.o)
                0x000076a0                        __exidx_end = .
                0x000076a0                        __rodata_region_start = .

initlevel       0x000076a0       0x68
                0x000076a0                        __init_start = .
                0x000076a0                        __init_EARLY_start = .
 *(SORT_BY_NAME(SORT_BY_ALIGNMENT(.z_init_EARLY_P_?_*)))
 .z_init_EARLY_P_0_SUB_0_
                0x000076a0        0x8 zephyr/soc/soc/nrf54l15/libsoc__nordic.a(soc.c.obj)
 .z_init_EARLY_P_1_SUB_0_
                0x000076a8        0x8 zephyr/drivers/timer/libdrivers__timer.a(nrf_grtc_timer.c.obj)
 *(SORT_BY_NAME(SORT_BY_ALIGNMENT(.z_init_EARLY_P_??_*)))
 *(SORT_BY_NAME(SORT_BY_ALIGNMENT(.z_init_EARLY_P_???_*)))
                0x000076b0                        __init_PRE_KERNEL_1_start = .
 *(SORT_BY_NAME(SORT_BY_ALIGNMENT(.z_init_PRE_KERNEL_1_P_?_*)))
 *(SORT_BY_NAME(SORT_BY_ALIGNMENT(.z_init_PRE_KERNEL_1_P_??_*)))
 .z_init_PRE_KERNEL_1_P_30_SUB_00064_
                0x000076b0        0x8 zephyr/drivers/clock_control/libdrivers__clock_control.a(clock_control_nrf.c.obj)
 .z_init_PRE_KERNEL_1_P_40_SUB_00014_
                0x000076b8        0x8 zephyr/drivers/gpio/libdrivers__gpio.a(gpio_nrfx.c.obj)
 .z_init_PRE_KERNEL_1_P_40_SUB_00016_
                0x000076c0        0x8 zephyr/drivers/gpio/libdrivers__gpio.a(gpio_nrfx.c.obj)
 .z_init_PRE_KERNEL_1_P_40_SUB_00027_
                0x000076c8        0x8 zephyr/drivers/gpio/libdrivers__gpio.a(gpio_nrfx.c.obj)
 .z_init_PRE_KERNEL_1_P_50_SUB_00109_
                0x000076d0        0x8 zephyr/drivers/serial/libdrivers__serial.a(uart_nrfx_uarte.c.obj)
 .z_init_PRE_KERNEL_1_P_60_SUB_0_
                0x000076d8        0x8 zephyr/drivers/console/libdrivers__console.a(uart_console.c.obj)
 *(SORT_BY_NAME(SORT_BY_ALIGNMENT(.z_init_PRE_KERNEL_1_P_???_*)))
                0x000076e0                        __init_PRE_KERNEL_2_start = .
 *(SORT_BY_NAME(SORT_BY_ALIGNMENT(.z_init_PRE_KERNEL_2_P_?_*)))
 .z_init_PRE_KERNEL_2_P_0_SUB_0_
                0x000076e0        0x8 zephyr/drivers/timer/libdrivers__timer.a(nrf_grtc_timer.c.obj)
 *(SORT_BY_NAME(SORT_BY_ALIGNMENT(.z_init_PRE_KERNEL_2_P_??_*)))
 *(SORT_BY_NAME(SORT_BY_ALIGNMENT(.z_init_PRE_KERNEL_2_P_???_*)))
                0x000076e8                        __init_POST_KERNEL_start = .
 *(SORT_BY_NAME(SORT_BY_ALIGNMENT(.z_init_POST_KERNEL_P_?_*)))
 *(SORT_BY_NAME(SORT_BY_ALIGNMENT(.z_init_POST_KERNEL_P_??_*)))
 .z_init_POST_KERNEL_P_35_SUB_0_
                0x000076e8        0x8 zephyr/lib/libc/common/liblib__libc__common.a(malloc.c.obj)
 .z_init_POST_KERNEL_P_50_SUB_00011_
                0x000076f0        0x8 zephyr/drivers/adc/libdrivers__adc.a(adc_nrfx_saadc.c.obj)
 .z_init_POST_KERNEL_P_50_SUB_0_
                0x000076f8        0x8 modules/nrf/subsys/nrf_security/src/zephyr/libmbedtls_zephyr.a(psa_crypto_init.c.obj)
 *(SORT_BY_NAME(SORT_BY_ALIGNMENT(.z_init_POST_KERNEL_P_???_*)))
                0x00007700                        __init_APPLICATION_start = .
 *(SORT_BY_NAME(SORT_BY_ALIGNMENT(.z_init_APPLICATION_P_?_*)))
 .z_init_APPLICATION_P_0_SUB_0_
                0x00007700        0x8 zephyr/libzephyr.a(banner.c.obj)
 *(SORT_BY_NAME(SORT_BY_ALIGNMENT(.z_init_APPLICATION_P_??_*)))
 *(SORT_BY_NAME(SORT_BY_ALIGNMENT(.z_init_APPLICATION_P_???_*)))
                0x00007708                        __init_SMP_start = .
 *(SORT_BY_NAME(SORT_BY_ALIGNMENT(.z_init_SMP_P_?_*)))
 *(SORT_BY_NAME(SORT_BY_ALIGNMENT(.z_init_SMP_P_??_*)))
 *(SORT_BY_NAME(SORT_BY_ALIGNMENT(.z_init_SMP_P_???_*)))
                0x00007708                        __init_end = .

device_area     0x00007708       0xa8
                0x00007708                        _device_list_start = .
 *(SORT_BY_NAME(SORT_BY_ALIGNMENT(._device.static.*_?_*)))
 *(SORT_BY_NAME(SORT_BY_ALIGNMENT(._device.static.*_??_*)))
 ._device.static.1_30_
                0x00007708       0x1c zephyr/drivers/clock_control/libdrivers__clock_control.a(clock_control_nrf.c.obj)
                0x00007708                __device_dts_ord_64
 ._device.static.1_40_
                0x00007724       0x54 zephyr/drivers/gpio/libdrivers__gpio.a(gpio_nrfx.c.obj)
                0x00007724                __device_dts_ord_16
                0x00007740                __device_dts_ord_14
                0x0000775c                __device_dts_ord_27
 ._device.static.1_50_
                0x00007778       0x1c zephyr/drivers/serial/libdrivers__serial.a(uart_nrfx_uarte.c.obj)
                0x00007778                __device_dts_ord_109
 ._device.static.3_50_
                0x00007794       0x1c zephyr/drivers/adc/libdrivers__adc.a(adc_nrfx_saadc.c.obj)
                0x00007794                __device_dts_ord_11
 *(SORT_BY_NAME(SORT_BY_ALIGNMENT(._device.static.*_???_*)))
 *(SORT_BY_NAME(SORT_BY_ALIGNMENT(._device.static.*_????_*)))
 *(SORT_BY_NAME(SORT_BY_ALIGNMENT(._device.static.*_?????_*)))
                0x000077b0                        _device_list_end = .

sw_isr_table    0x000077b0      0x878
                0x000077b0                        . = ALIGN (0x4)
 *(SORT_BY_ALIGNMENT(.gnu.linkonce.sw_isr_table*))
 .gnu.linkonce.sw_isr_table
                0x000077b0      0x878 zephyr/CMakeFiles/zephyr_final.dir/isr_tables.c.obj
                0x000077b0                _sw_isr_table

initlevel_error
 *(SORT_BY_NAME(SORT_BY_ALIGNMENT(.z_init_*)))
                0x00000001                        ASSERT ((SIZEOF (initlevel_error) == 0x0), Undefined initialization levels used.)

app_shmem_regions
                0x00008028        0x0
                0x00008028                        __app_shmem_regions_start = .
 *(SORT_BY_NAME(SORT_BY_ALIGNMENT(.app_regions.*)))
                0x00008028                        __app_shmem_regions_end = .

k_p4wq_initparam_area
                0x00008028        0x0
                0x00008028                        _k_p4wq_initparam_list_start = .
 *(SORT_BY_NAME(SORT_BY_ALIGNMENT(._k_p4wq_initparam.static.*)))
                0x00008028                        _k_p4wq_initparam_list_end = .

_static_thread_data_area
                0x00008028        0x0
                0x00008028                        __static_thread_data_list_start = .
 *(SORT_BY_NAME(SORT_BY_ALIGNMENT(.__static_thread_data.static.*)))
                0x00008028                        __static_thread_data_list_end = .

device_deps     0x00008028        0x0
                0x00008028                        __device_deps_start = .
 *(SORT_BY_NAME(SORT_BY_ALIGNMENT(.__device_deps_pass2*)))
                0x00008028                        __device_deps_end = .

adc_driver_api_area
                0x00008028        0xc
                0x00008028                        _adc_driver_api_list_start = .
 *(SORT_BY_NAME(SORT_BY_ALIGNMENT(._adc_driver_api.static.*)))
 ._adc_driver_api.static.adc_nrfx_driver_api_
                0x00008028        0xc zephyr/drivers/adc/libdrivers__adc.a(adc_nrfx_saadc.c.obj)
                0x00008034                        _adc_driver_api_list_end = .

gpio_driver_api_area
                0x00008034       0x24
                0x00008034                        _gpio_driver_api_list_start = .
 *(SORT_BY_NAME(SORT_BY_ALIGNMENT(._gpio_driver_api.static.*)))
 ._gpio_driver_api.static.gpio_nrfx_drv_api_funcs_
                0x00008034       0x24 zephyr/drivers/gpio/libdrivers__gpio.a(gpio_nrfx.c.obj)
                0x00008058                        _gpio_driver_api_list_end = .

shared_irq_driver_api_area
                0x00008058        0x0
                0x00008058                        _shared_irq_driver_api_list_start = .
 *(SORT_BY_NAME(SORT_BY_ALIGNMENT(._shared_irq_driver_api.static.*)))
                0x00008058                        _shared_irq_driver_api_list_end = .

crypto_driver_api_area
                0x00008058        0x0
                0x00008058                        _crypto_driver_api_list_start = .
 *(SORT_BY_NAME(SORT_BY_ALIGNMENT(._crypto_driver_api.static.*)))
                0x00008058                        _crypto_driver_api_list_end = .

auxdisplay_driver_api_area
                0x00008058        0x0
                0x00008058                        _auxdisplay_driver_api_list_start = .
 *(SORT_BY_NAME(SORT_BY_ALIGNMENT(._auxdisplay_driver_api.static.*)))
                0x00008058                        _auxdisplay_driver_api_list_end = .

bbram_driver_api_area
                0x00008058        0x0
                0x00008058                        _bbram_driver_api_list_start = .
 *(SORT_BY_NAME(SORT_BY_ALIGNMENT(._bbram_driver_api.static.*)))
                0x00008058                        _bbram_driver_api_list_end = .

biometric_driver_api_area
                0x00008058        0x0
                0x00008058                        _biometric_driver_api_list_start = .
 *(SORT_BY_NAME(SORT_BY_ALIGNMENT(._biometric_driver_api.static.*)))
                0x00008058                        _biometric_driver_api_list_end = .

bt_hci_driver_api_area
                0x00008058        0x0
                0x00008058                        _bt_hci_driver_api_list_start = .
 *(SORT_BY_NAME(SORT_BY_ALIGNMENT(._bt_hci_driver_api.static.*)))
                0x00008058                        _bt_hci_driver_api_list_end = .

can_driver_api_area
                0x00008058        0x0
                0x00008058                        _can_driver_api_list_start = .
 *(SORT_BY_NAME(SORT_BY_ALIGNMENT(._can_driver_api.static.*)))
                0x00008058                        _can_driver_api_list_end = .

cellular_driver_api_area
                0x00008058        0x0
                0x00008058                        _cellular_driver_api_list_start = .
 *(SORT_BY_NAME(SORT_BY_ALIGNMENT(._cellular_driver_api.static.*)))
                0x00008058                        _cellular_driver_api_list_end = .

charger_driver_api_area
                0x00008058        0x0
                0x00008058                        _charger_driver_api_list_start = .
 *(SORT_BY_NAME(SORT_BY_ALIGNMENT(._charger_driver_api.static.*)))
                0x00008058                        _charger_driver_api_list_end = .

clock_control_driver_api_area
                0x00008058       0x1c
                0x00008058                        _clock_control_driver_api_list_start = .
 *(SORT_BY_NAME(SORT_BY_ALIGNMENT(._clock_control_driver_api.static.*)))
 ._clock_control_driver_api.static.clock_control_api_
                0x00008058       0x1c zephyr/drivers/clock_control/libdrivers__clock_control.a(clock_control_nrf.c.obj)
                0x00008074                        _clock_control_driver_api_list_end = .

comparator_driver_api_area
                0x00008074        0x0
                0x00008074                        _comparator_driver_api_list_start = .
 *(SORT_BY_NAME(SORT_BY_ALIGNMENT(._comparator_driver_api.static.*)))
                0x00008074                        _comparator_driver_api_list_end = .

coredump_driver_api_area
                0x00008074        0x0
                0x00008074                        _coredump_driver_api_list_start = .
 *(SORT_BY_NAME(SORT_BY_ALIGNMENT(._coredump_driver_api.static.*)))
                0x00008074                        _coredump_driver_api_list_end = .

counter_driver_api_area
                0x00008074        0x0
                0x00008074                        _counter_driver_api_list_start = .
 *(SORT_BY_NAME(SORT_BY_ALIGNMENT(._counter_driver_api.static.*)))
                0x00008074                        _counter_driver_api_list_end = .

crc_driver_api_area
                0x00008074        0x0
                0x00008074                        _crc_driver_api_list_start = .
 *(SORT_BY_NAME(SORT_BY_ALIGNMENT(._crc_driver_api.static.*)))
                0x00008074                        _crc_driver_api_list_end = .

dac_driver_api_area
                0x00008074        0x0
                0x00008074                        _dac_driver_api_list_start = .
 *(SORT_BY_NAME(SORT_BY_ALIGNMENT(._dac_driver_api.static.*)))
                0x00008074                        _dac_driver_api_list_end = .

dai_driver_api_area
                0x00008074        0x0
                0x00008074                        _dai_driver_api_list_start = .
 *(SORT_BY_NAME(SORT_BY_ALIGNMENT(._dai_driver_api.static.*)))
                0x00008074                        _dai_driver_api_list_end = .

display_driver_api_area
                0x00008074        0x0
                0x00008074                        _display_driver_api_list_start = .
 *(SORT_BY_NAME(SORT_BY_ALIGNMENT(._display_driver_api.static.*)))
                0x00008074                        _display_driver_api_list_end = .

dma_driver_api_area
                0x00008074        0x0
                0x00008074                        _dma_driver_api_list_start = .
 *(SORT_BY_NAME(SORT_BY_ALIGNMENT(._dma_driver_api.static.*)))
                0x00008074                        _dma_driver_api_list_end = .

edac_driver_api_area
                0x00008074        0x0
                0x00008074                        _edac_driver_api_list_start = .
 *(SORT_BY_NAME(SORT_BY_ALIGNMENT(._edac_driver_api.static.*)))
                0x00008074                        _edac_driver_api_list_end = .

eeprom_driver_api_area
                0x00008074        0x0
                0x00008074                        _eeprom_driver_api_list_start = .
 *(SORT_BY_NAME(SORT_BY_ALIGNMENT(._eeprom_driver_api.static.*)))
                0x00008074                        _eeprom_driver_api_list_end = .

emul_bbram_driver_api_area
                0x00008074        0x0
                0x00008074                        _emul_bbram_driver_api_list_start = .
 *(SORT_BY_NAME(SORT_BY_ALIGNMENT(._emul_bbram_driver_api.static.*)))
                0x00008074                        _emul_bbram_driver_api_list_end = .

fuel_gauge_emul_driver_api_area
                0x00008074        0x0
                0x00008074                        _fuel_gauge_emul_driver_api_list_start = .
 *(SORT_BY_NAME(SORT_BY_ALIGNMENT(._fuel_gauge_emul_driver_api.static.*)))
                0x00008074                        _fuel_gauge_emul_driver_api_list_end = .

emul_sensor_driver_api_area
                0x00008074        0x0
                0x00008074                        _emul_sensor_driver_api_list_start = .
 *(SORT_BY_NAME(SORT_BY_ALIGNMENT(._emul_sensor_driver_api.static.*)))
                0x00008074                        _emul_sensor_driver_api_list_end = .

entropy_driver_api_area
                0x00008074        0x0
                0x00008074                        _entropy_driver_api_list_start = .
 *(SORT_BY_NAME(SORT_BY_ALIGNMENT(._entropy_driver_api.static.*)))
                0x00008074                        _entropy_driver_api_list_end = .

espi_driver_api_area
                0x00008074        0x0
                0x00008074                        _espi_driver_api_list_start = .
 *(SORT_BY_NAME(SORT_BY_ALIGNMENT(._espi_driver_api.static.*)))
                0x00008074                        _espi_driver_api_list_end = .

espi_saf_driver_api_area
                0x00008074        0x0
                0x00008074                        _espi_saf_driver_api_list_start = .
 *(SORT_BY_NAME(SORT_BY_ALIGNMENT(._espi_saf_driver_api.static.*)))
                0x00008074                        _espi_saf_driver_api_list_end = .

flash_driver_api_area
                0x00008074        0x0
                0x00008074                        _flash_driver_api_list_start = .
 *(SORT_BY_NAME(SORT_BY_ALIGNMENT(._flash_driver_api.static.*)))
                0x00008074                        _flash_driver_api_list_end = .

fpga_driver_api_area
                0x00008074        0x0
                0x00008074                        _fpga_driver_api_list_start = .
 *(SORT_BY_NAME(SORT_BY_ALIGNMENT(._fpga_driver_api.static.*)))
                0x00008074                        _fpga_driver_api_list_end = .

fuel_gauge_driver_api_area
                0x00008074        0x0
                0x00008074                        _fuel_gauge_driver_api_list_start = .
 *(SORT_BY_NAME(SORT_BY_ALIGNMENT(._fuel_gauge_driver_api.static.*)))
                0x00008074                        _fuel_gauge_driver_api_list_end = .

gnss_driver_api_area
                0x00008074        0x0
                0x00008074                        _gnss_driver_api_list_start = .
 *(SORT_BY_NAME(SORT_BY_ALIGNMENT(._gnss_driver_api.static.*)))
                0x00008074                        _gnss_driver_api_list_end = .

haptics_driver_api_area
                0x00008074        0x0
                0x00008074                        _haptics_driver_api_list_start = .
 *(SORT_BY_NAME(SORT_BY_ALIGNMENT(._haptics_driver_api.static.*)))
                0x00008074                        _haptics_driver_api_list_end = .

hwspinlock_driver_api_area
                0x00008074        0x0
                0x00008074                        _hwspinlock_driver_api_list_start = .
 *(SORT_BY_NAME(SORT_BY_ALIGNMENT(._hwspinlock_driver_api.static.*)))
                0x00008074                        _hwspinlock_driver_api_list_end = .

i2c_driver_api_area
                0x00008074        0x0
                0x00008074                        _i2c_driver_api_list_start = .
 *(SORT_BY_NAME(SORT_BY_ALIGNMENT(._i2c_driver_api.static.*)))
                0x00008074                        _i2c_driver_api_list_end = .

i2c_target_driver_api_area
                0x00008074        0x0
                0x00008074                        _i2c_target_driver_api_list_start = .
 *(SORT_BY_NAME(SORT_BY_ALIGNMENT(._i2c_target_driver_api.static.*)))
                0x00008074                        _i2c_target_driver_api_list_end = .

i2s_driver_api_area
                0x00008074        0x0
                0x00008074                        _i2s_driver_api_list_start = .
 *(SORT_BY_NAME(SORT_BY_ALIGNMENT(._i2s_driver_api.static.*)))
                0x00008074                        _i2s_driver_api_list_end = .

i3c_driver_api_area
                0x00008074        0x0
                0x00008074                        _i3c_driver_api_list_start = .
 *(SORT_BY_NAME(SORT_BY_ALIGNMENT(._i3c_driver_api.static.*)))
                0x00008074                        _i3c_driver_api_list_end = .

ipm_driver_api_area
                0x00008074        0x0
                0x00008074                        _ipm_driver_api_list_start = .
 *(SORT_BY_NAME(SORT_BY_ALIGNMENT(._ipm_driver_api.static.*)))
                0x00008074                        _ipm_driver_api_list_end = .

led_driver_api_area
                0x00008074        0x0
                0x00008074                        _led_driver_api_list_start = .
 *(SORT_BY_NAME(SORT_BY_ALIGNMENT(._led_driver_api.static.*)))
                0x00008074                        _led_driver_api_list_end = .

led_strip_driver_api_area
                0x00008074        0x0
                0x00008074                        _led_strip_driver_api_list_start = .
 *(SORT_BY_NAME(SORT_BY_ALIGNMENT(._led_strip_driver_api.static.*)))
                0x00008074                        _led_strip_driver_api_list_end = .

lora_driver_api_area
                0x00008074        0x0
                0x00008074                        _lora_driver_api_list_start = .
 *(SORT_BY_NAME(SORT_BY_ALIGNMENT(._lora_driver_api.static.*)))
                0x00008074                        _lora_driver_api_list_end = .

mbox_driver_api_area
                0x00008074        0x0
                0x00008074                        _mbox_driver_api_list_start = .
 *(SORT_BY_NAME(SORT_BY_ALIGNMENT(._mbox_driver_api.static.*)))
                0x00008074                        _mbox_driver_api_list_end = .

mdio_driver_api_area
                0x00008074        0x0
                0x00008074                        _mdio_driver_api_list_start = .
 *(SORT_BY_NAME(SORT_BY_ALIGNMENT(._mdio_driver_api.static.*)))
                0x00008074                        _mdio_driver_api_list_end = .

mipi_dbi_driver_api_area
                0x00008074        0x0
                0x00008074                        _mipi_dbi_driver_api_list_start = .
 *(SORT_BY_NAME(SORT_BY_ALIGNMENT(._mipi_dbi_driver_api.static.*)))
                0x00008074                        _mipi_dbi_driver_api_list_end = .

mipi_dsi_driver_api_area
                0x00008074        0x0
                0x00008074                        _mipi_dsi_driver_api_list_start = .
 *(SORT_BY_NAME(SORT_BY_ALIGNMENT(._mipi_dsi_driver_api.static.*)))
                0x00008074                        _mipi_dsi_driver_api_list_end = .

mspi_driver_api_area
                0x00008074        0x0
                0x00008074                        _mspi_driver_api_list_start = .
 *(SORT_BY_NAME(SORT_BY_ALIGNMENT(._mspi_driver_api.static.*)))
                0x00008074                        _mspi_driver_api_list_end = .

opamp_driver_api_area
                0x00008074        0x0
                0x00008074                        _opamp_driver_api_list_start = .
 *(SORT_BY_NAME(SORT_BY_ALIGNMENT(._opamp_driver_api.static.*)))
                0x00008074                        _opamp_driver_api_list_end = .

otp_driver_api_area
                0x00008074        0x0
                0x00008074                        _otp_driver_api_list_start = .
 *(SORT_BY_NAME(SORT_BY_ALIGNMENT(._otp_driver_api.static.*)))
                0x00008074                        _otp_driver_api_list_end = .

peci_driver_api_area
                0x00008074        0x0
                0x00008074                        _peci_driver_api_list_start = .
 *(SORT_BY_NAME(SORT_BY_ALIGNMENT(._peci_driver_api.static.*)))
                0x00008074                        _peci_driver_api_list_end = .

ps2_driver_api_area
                0x00008074        0x0
                0x00008074                        _ps2_driver_api_list_start = .
 *(SORT_BY_NAME(SORT_BY_ALIGNMENT(._ps2_driver_api.static.*)))
                0x00008074                        _ps2_driver_api_list_end = .

ptp_clock_driver_api_area
                0x00008074        0x0
                0x00008074                        _ptp_clock_driver_api_list_start = .
 *(SORT_BY_NAME(SORT_BY_ALIGNMENT(._ptp_clock_driver_api.static.*)))
                0x00008074                        _ptp_clock_driver_api_list_end = .

pwm_driver_api_area
                0x00008074        0x0
                0x00008074                        _pwm_driver_api_list_start = .
 *(SORT_BY_NAME(SORT_BY_ALIGNMENT(._pwm_driver_api.static.*)))
                0x00008074                        _pwm_driver_api_list_end = .

regulator_parent_driver_api_area
                0x00008074        0x0
                0x00008074                        _regulator_parent_driver_api_list_start = .
 *(SORT_BY_NAME(SORT_BY_ALIGNMENT(._regulator_parent_driver_api.static.*)))
                0x00008074                        _regulator_parent_driver_api_list_end = .

regulator_driver_api_area
                0x00008074        0x0
                0x00008074                        _regulator_driver_api_list_start = .
 *(SORT_BY_NAME(SORT_BY_ALIGNMENT(._regulator_driver_api.static.*)))
                0x00008074                        _regulator_driver_api_list_end = .

reset_driver_api_area
                0x00008074        0x0
                0x00008074                        _reset_driver_api_list_start = .
 *(SORT_BY_NAME(SORT_BY_ALIGNMENT(._reset_driver_api.static.*)))
                0x00008074                        _reset_driver_api_list_end = .

retained_mem_driver_api_area
                0x00008074        0x0
                0x00008074                        _retained_mem_driver_api_list_start = .
 *(SORT_BY_NAME(SORT_BY_ALIGNMENT(._retained_mem_driver_api.static.*)))
                0x00008074                        _retained_mem_driver_api_list_end = .

rtc_driver_api_area
                0x00008074        0x0
                0x00008074                        _rtc_driver_api_list_start = .
 *(SORT_BY_NAME(SORT_BY_ALIGNMENT(._rtc_driver_api.static.*)))
                0x00008074                        _rtc_driver_api_list_end = .

sdhc_driver_api_area
                0x00008074        0x0
                0x00008074                        _sdhc_driver_api_list_start = .
 *(SORT_BY_NAME(SORT_BY_ALIGNMENT(._sdhc_driver_api.static.*)))
                0x00008074                        _sdhc_driver_api_list_end = .

sensor_driver_api_area
                0x00008074        0x0
                0x00008074                        _sensor_driver_api_list_start = .
 *(SORT_BY_NAME(SORT_BY_ALIGNMENT(._sensor_driver_api.static.*)))
                0x00008074                        _sensor_driver_api_list_end = .

smbus_driver_api_area
                0x00008074        0x0
                0x00008074                        _smbus_driver_api_list_start = .
 *(SORT_BY_NAME(SORT_BY_ALIGNMENT(._smbus_driver_api.static.*)))
                0x00008074                        _smbus_driver_api_list_end = .

spi_driver_api_area
                0x00008074        0x0
                0x00008074                        _spi_driver_api_list_start = .
 *(SORT_BY_NAME(SORT_BY_ALIGNMENT(._spi_driver_api.static.*)))
                0x00008074                        _spi_driver_api_list_end = .

syscon_driver_api_area
                0x00008074        0x0
                0x00008074                        _syscon_driver_api_list_start = .
 *(SORT_BY_NAME(SORT_BY_ALIGNMENT(._syscon_driver_api.static.*)))
                0x00008074                        _syscon_driver_api_list_end = .

tee_driver_api_area
                0x00008074        0x0
                0x00008074                        _tee_driver_api_list_start = .
 *(SORT_BY_NAME(SORT_BY_ALIGNMENT(._tee_driver_api.static.*)))
                0x00008074                        _tee_driver_api_list_end = .

uaol_driver_api_area
                0x00008074        0x0
                0x00008074                        _uaol_driver_api_list_start = .
 *(SORT_BY_NAME(SORT_BY_ALIGNMENT(._uaol_driver_api.static.*)))
                0x00008074                        _uaol_driver_api_list_end = .

video_driver_api_area